Archive member included to satisfy reference by file (symbol)

/Applications/ArmGNUToolchain/14.2.rel1/arm-none-eabi/bin/../lib/gcc/arm-none-eabi/14.2.1/../../../../arm-none-eabi/lib/thumb/v8-m.main+fp/softfp/libm.a(libm_a-wf_sqrt.o)
                              CMakeFiles/pico_T_ctrl.dir/Users/rs_mbpro14/pico-sdk/src/rp2_common/pico_float/float_math.c.o (sqrtf)
/Applications/ArmGNUToolchain/14.2.rel1/arm-none-eabi/bin/../lib/gcc/arm-none-eabi/14.2.1/../../../../arm-none-eabi/lib/thumb/v8-m.main+fp/softfp/libm.a(libm_a-ef_sqrt.o)
                              /Applications/ArmGNUToolchain/14.2.rel1/arm-none-eabi/bin/../lib/gcc/arm-none-eabi/14.2.1/../../../../arm-none-eabi/lib/thumb/v8-m.main+fp/softfp/libm.a(libm_a-wf_sqrt.o) (__ieee754_sqrtf)
/Applications/ArmGNUToolchain/14.2.rel1/arm-none-eabi/bin/../lib/gcc/arm-none-eabi/14.2.1/thumb/v8-m.main+fp/softfp/libgcc.a(_arm_addsubdf3.o)
                              CMakeFiles/pico_T_ctrl.dir/main.c.o (__aeabi_f2d)
/Applications/ArmGNUToolchain/14.2.rel1/arm-none-eabi/bin/../lib/gcc/arm-none-eabi/14.2.1/thumb/v8-m.main+fp/softfp/libgcc.a(_aeabi_ldivmod.o)
                              CMakeFiles/pico_T_ctrl.dir/Users/rs_mbpro14/pico-sdk/src/common/pico_time/time.c.o (__aeabi_ldivmod)
/Applications/ArmGNUToolchain/14.2.rel1/arm-none-eabi/bin/../lib/gcc/arm-none-eabi/14.2.1/thumb/v8-m.main+fp/softfp/libgcc.a(_aeabi_uldivmod.o)
                              CMakeFiles/pico_T_ctrl.dir/Users/rs_mbpro14/pico-sdk/src/rp2_common/hardware_clocks/clocks.c.o (__aeabi_uldivmod)
/Applications/ArmGNUToolchain/14.2.rel1/arm-none-eabi/bin/../lib/gcc/arm-none-eabi/14.2.1/thumb/v8-m.main+fp/softfp/libgcc.a(_udivmoddi4.o)
                              /Applications/ArmGNUToolchain/14.2.rel1/arm-none-eabi/bin/../lib/gcc/arm-none-eabi/14.2.1/thumb/v8-m.main+fp/softfp/libgcc.a(_aeabi_ldivmod.o) (__udivmoddi4)
/Applications/ArmGNUToolchain/14.2.rel1/arm-none-eabi/bin/../lib/gcc/arm-none-eabi/14.2.1/thumb/v8-m.main+fp/softfp/libgcc.a(_dvmd_tls.o)
                              /Applications/ArmGNUToolchain/14.2.rel1/arm-none-eabi/bin/../lib/gcc/arm-none-eabi/14.2.1/thumb/v8-m.main+fp/softfp/libgcc.a(_aeabi_ldivmod.o) (__aeabi_ldiv0)
/Applications/ArmGNUToolchain/14.2.rel1/arm-none-eabi/bin/../lib/gcc/arm-none-eabi/14.2.1/../../../../arm-none-eabi/lib/thumb/v8-m.main+fp/softfp/libg.a(libc_a-calloc.o)
                              CMakeFiles/pico_T_ctrl.dir/Users/rs_mbpro14/pico-sdk/src/rp2_common/pico_malloc/malloc.c.o (calloc)
/Applications/ArmGNUToolchain/14.2.rel1/arm-none-eabi/bin/../lib/gcc/arm-none-eabi/14.2.1/../../../../arm-none-eabi/lib/thumb/v8-m.main+fp/softfp/libg.a(libc_a-callocr.o)
                              /Applications/ArmGNUToolchain/14.2.rel1/arm-none-eabi/bin/../lib/gcc/arm-none-eabi/14.2.1/../../../../arm-none-eabi/lib/thumb/v8-m.main+fp/softfp/libg.a(libc_a-calloc.o) (_calloc_r)
/Applications/ArmGNUToolchain/14.2.rel1/arm-none-eabi/bin/../lib/gcc/arm-none-eabi/14.2.1/../../../../arm-none-eabi/lib/thumb/v8-m.main+fp/softfp/libg.a(libc_a-malloc.o)
                              CMakeFiles/pico_T_ctrl.dir/Users/rs_mbpro14/pico-sdk/src/rp2_common/pico_malloc/malloc.c.o (malloc)
/Applications/ArmGNUToolchain/14.2.rel1/arm-none-eabi/bin/../lib/gcc/arm-none-eabi/14.2.1/../../../../arm-none-eabi/lib/thumb/v8-m.main+fp/softfp/libg.a(libc_a-mallocr.o)
                              /Applications/ArmGNUToolchain/14.2.rel1/arm-none-eabi/bin/../lib/gcc/arm-none-eabi/14.2.1/../../../../arm-none-eabi/lib/thumb/v8-m.main+fp/softfp/libg.a(libc_a-callocr.o) (_malloc_r)
/Applications/ArmGNUToolchain/14.2.rel1/arm-none-eabi/bin/../lib/gcc/arm-none-eabi/14.2.1/../../../../arm-none-eabi/lib/thumb/v8-m.main+fp/softfp/libg.a(libc_a-mlock.o)
                              /Applications/ArmGNUToolchain/14.2.rel1/arm-none-eabi/bin/../lib/gcc/arm-none-eabi/14.2.1/../../../../arm-none-eabi/lib/thumb/v8-m.main+fp/softfp/libg.a(libc_a-mallocr.o) (__malloc_lock)
/Applications/ArmGNUToolchain/14.2.rel1/arm-none-eabi/bin/../lib/gcc/arm-none-eabi/14.2.1/../../../../arm-none-eabi/lib/thumb/v8-m.main+fp/softfp/libg.a(libc_a-realloc.o)
                              CMakeFiles/pico_T_ctrl.dir/Users/rs_mbpro14/pico-sdk/src/rp2_common/pico_malloc/malloc.c.o (realloc)
/Applications/ArmGNUToolchain/14.2.rel1/arm-none-eabi/bin/../lib/gcc/arm-none-eabi/14.2.1/../../../../arm-none-eabi/lib/thumb/v8-m.main+fp/softfp/libg.a(libc_a-reallocr.o)
                              /Applications/ArmGNUToolchain/14.2.rel1/arm-none-eabi/bin/../lib/gcc/arm-none-eabi/14.2.1/../../../../arm-none-eabi/lib/thumb/v8-m.main+fp/softfp/libg.a(libc_a-realloc.o) (_realloc_r)
/Applications/ArmGNUToolchain/14.2.rel1/arm-none-eabi/bin/../lib/gcc/arm-none-eabi/14.2.1/../../../../arm-none-eabi/lib/thumb/v8-m.main+fp/softfp/libg.a(libc_a-setvbuf.o)
                              CMakeFiles/pico_T_ctrl.dir/main.c.o (setvbuf)
[...]
Memory Configuration

Name             Origin             Length             Attributes
FLASH            0x10000000         0x00400000         xr
RAM              0x20000000         0x00080000         xrw
SCRATCH_X        0x20080000         0x00001000         xrw
SCRATCH_Y        0x20081000         0x00001000         xrw
*default*        0x00000000         0xffffffff

Linker script and memory map

LOAD /Applications/ArmGNUToolchain/14.2.rel1/arm-none-eabi/bin/../lib/gcc/arm-none-eabi/14.2.1/thumb/v8-m.main+fp/softfp/crti.o
LOAD /Applications/ArmGNUToolchain/14.2.rel1/arm-none-eabi/bin/../lib/gcc/arm-none-eabi/14.2.1/thumb/v8-m.main+fp/softfp/crtbegin.o
LOAD /Applications/ArmGNUToolchain/14.2.rel1/arm-none-eabi/bin/../lib/gcc/arm-none-eabi/14.2.1/../../../../arm-none-eabi/lib/thumb/v8-m.main+fp/softfp/crt0.o

.flash_begin    0x10000000        0x0
                0x10000000                        __flash_binary_start = .

.text           0x10000000     0x87f8
                0x10000000                        __logical_binary_start = .
 *(.vectors)
 .vectors       0x10000000      0x124 CMakeFiles/pico_T_ctrl.dir/Users/rs_mbpro14/pico-sdk/src/rp2_common/pico_crt0/crt0.S.o
                0x10000000                __vectors
                0x10000000                __VECTOR_TABLE
                0x10000110                __default_isrs_start
                0x10000110                isr_invalid
                0x10000112                isr_nmi
                0x10000114                isr_hardfault
                0x10000116                isr_svcall
                0x10000118                isr_pendsv
                0x1000011a                isr_systick
                0x1000011c                isr_irq5
                0x1000011c                isr_irq11
                0x1000011c                isr_irq23
                0x1000011c                isr_irq48
                0x1000011c                isr_irq35
                0x1000011c                isr_irq18
                0x1000011c                isr_irq50
                0x1000011c                isr_irq40
                0x1000011c                isr_irq28
                0x1000011c                isr_irq19
                0x1000011c                isr_irq36
                0x1000011c                isr_irq41
                0x1000011c                isr_irq0
                0x1000011c                isr_irq6
                0x1000011c                isr_irq37
                0x1000011c                isr_irq42
                0x1000011c                isr_irq22
                0x1000011c                isr_irq17
                0x1000011c                isr_irq38
                0x1000011c                isr_irq14
                0x1000011c                isr_irq2
                0x1000011c                isr_irq10
                0x1000011c                isr_irq8
                0x1000011c                isr_irq24
                0x1000011c                isr_irq46
                0x1000011c                isr_irq1
                0x1000011c                isr_irq47
                0x1000011c                isr_irq51
                0x1000011c                isr_irq7
                0x1000011c                isr_irq21
                0x1000011c                isr_irq39
                0x1000011c                isr_irq20
                0x1000011c                isr_irq15
                0x1000011c                isr_irq25
                0x1000011c                isr_irq34
                0x1000011c                isr_irq4
                0x1000011c                isr_irq16
                0x1000011c                isr_irq44
                0x1000011c                isr_irq29
                0x1000011c                isr_irq26
                0x1000011c                __default_isrs_end
                0x1000011c                isr_irq33
                0x1000011c                isr_irq3
                0x1000011c                isr_irq9
                0x1000011c                __unhandled_user_irq
                0x1000011c                isr_irq49
                0x1000011c                isr_irq13
                0x1000011c                isr_irq43
                0x1000011c                isr_irq45
                0x1000011c                isr_irq27
                0x1000011c                isr_irq32
                0x1000011c                isr_irq31
                0x1000011c                isr_irq30
                0x1000011c                isr_irq12
                0x10000122                unhandled_user_irq_num_in_r0
 *(.binary_info_header)
 .binary_info_header
                0x10000124       0x14 CMakeFiles/pico_T_ctrl.dir/Users/rs_mbpro14/pico-sdk/src/rp2_common/pico_crt0/crt0.S.o
                0x10000138                        __binary_info_header_end = .
 *(.embedded_block)
 .embedded_block
                0x10000138       0x14 CMakeFiles/pico_T_ctrl.dir/Users/rs_mbpro14/pico-sdk/src/rp2_common/pico_crt0/crt0.S.o
                0x1000014c                        __embedded_block_end = .
 *(.reset)
 .reset         0x1000014c       0xa0 CMakeFiles/pico_T_ctrl.dir/Users/rs_mbpro14/pico-sdk/src/rp2_common/pico_crt0/crt0.S.o
                0x1000014c                _entry_point
 *(.init)
 .init          0x100001ec        0x4 /Applications/ArmGNUToolchain/14.2.rel1/arm-none-eabi/bin/../lib/gcc/arm-none-eabi/14.2.1/thumb/v8-m.main+fp/softfp/crti.o
                0x100001ec                _init
 SORT_BY_NAME(REVERSE(*libgcc.a:cmse_nonsecure_call.o))()
 *(EXCLUDE_FILE(*libm.a: *libc.a:*lib_a-mem*.o *libgcc.a:) .text*)
 .text.register_tm_clones
                0x100001f0       0x28 /Applications/ArmGNUToolchain/14.2.rel1/arm-none-eabi/bin/../lib/gcc/arm-none-eabi/14.2.1/thumb/v8-m.main+fp/softfp/crtbegin.o
 .text.frame_dummy
                0x10000218       0x24 /Applications/ArmGNUToolchain/14.2.rel1/arm-none-eabi/bin/../lib/gcc/arm-none-eabi/14.2.1/thumb/v8-m.main+fp/softfp/crtbegin.o
 .text.control_temperature
                0x1000023c       0x60 CMakeFiles/pico_T_ctrl.dir/main.c.o
                0x1000023c                control_temperature
 .text.usb_serial_request_reply
                0x1000029c      0x15c CMakeFiles/pico_T_ctrl.dir/main.c.o
                0x1000029c                usb_serial_request_reply
 .text.startup.main
                0x100003f8       0x30 CMakeFiles/pico_T_ctrl.dir/main.c.o
                0x100003f8                main
 .text.hbridge_init
                0x10000428       0x74 CMakeFiles/pico_T_ctrl.dir/hbridge_peltier.c.o
                0x10000428                hbridge_init
 .text.hbridge_update_T
                0x1000049c       0x20 CMakeFiles/pico_T_ctrl.dir/hbridge_peltier.c.o
                0x1000049c                hbridge_update_T
 *fill*         0x100004bc        0x4 
 .text.hbridge_smart_drive
                0x100004c0       0xa0 CMakeFiles/pico_T_ctrl.dir/hbridge_peltier.c.o
                0x100004c0                hbridge_smart_drive
 .text.read_peltier_thermistor
                0x10000560       0xfc CMakeFiles/pico_T_ctrl.dir/read_temp.c.o
                0x10000560                read_peltier_thermistor
 .text.gpio_set_function
                0x1000065c       0x3c CMakeFiles/pico_T_ctrl.dir/Users/rs_mbpro14/pico-sdk/src/rp2_common/hardware_gpio/gpio.c.o
                0x1000065c                gpio_set_function
 .text.gpio_init
                0x10000698       0x48 CMakeFiles/pico_T_ctrl.dir/Users/rs_mbpro14/pico-sdk/src/rp2_common/hardware_gpio/gpio.c.o
                0x10000698                gpio_init
 .text.panic    0x100006e0       0x30 CMakeFiles/pico_T_ctrl.dir/Users/rs_mbpro14/pico-sdk/src/rp2_common/pico_platform_panic/panic.c.o
                0x100006e0                panic
 .text.hw_claim_or_assert
                0x10000710       0x58 CMakeFiles/pico_T_ctrl.dir/Users/rs_mbpro14/pico-sdk/src/common/hardware_claim/claim.c.o
                0x10000710                hw_claim_or_assert
 .text.hw_claim_unused_from_range
                0x10000768       0x80 CMakeFiles/pico_T_ctrl.dir/Users/rs_mbpro14/pico-sdk/src/common/hardware_claim/claim.c.o
                0x10000768                hw_claim_unused_from_range
 .text.next_striped_spin_lock_num
                0x100007e8       0x18 CMakeFiles/pico_T_ctrl.dir/Users/rs_mbpro14/pico-sdk/src/rp2_common/hardware_sync/sync.c.o
                0x100007e8                next_striped_spin_lock_num
 .text.spin_lock_claim_unused
                0x10000800       0x20 CMakeFiles/pico_T_ctrl.dir/Users/rs_mbpro14/pico-sdk/src/rp2_common/hardware_sync/sync.c.o
                0x10000800                spin_lock_claim_unused
 .text.spinlock_set_extexclall
                0x10000820       0x10 CMakeFiles/pico_T_ctrl.dir/Users/rs_mbpro14/pico-sdk/src/rp2_common/hardware_sync_spin_lock/sync_spin_lock.c.o
 .text.spin_locks_reset
                0x10000830       0x18 CMakeFiles/pico_T_ctrl.dir/Users/rs_mbpro14/pico-sdk/src/rp2_common/hardware_sync_spin_lock/sync_spin_lock.c.o
                0x10000830                spin_locks_reset
 .text.runtime_init_per_core_irq_priorities
                0x10000848       0x40 CMakeFiles/pico_T_ctrl.dir/Users/rs_mbpro14/pico-sdk/src/rp2_common/hardware_irq/irq.c.o
                0x10000848                runtime_init_per_core_irq_priorities
 .text.irq_set_enabled
                0x10000888       0x2c CMakeFiles/pico_T_ctrl.dir/Users/rs_mbpro14/pico-sdk/src/rp2_common/hardware_irq/irq.c.o
                0x10000888                irq_set_enabled
 .text.irq_is_enabled
                0x100008b4       0x20 CMakeFiles/pico_T_ctrl.dir/Users/rs_mbpro14/pico-sdk/src/rp2_common/hardware_irq/irq.c.o
                0x100008b4                irq_is_enabled
 .text.irq_set_pending
                0x100008d4       0x18 CMakeFiles/pico_T_ctrl.dir/Users/rs_mbpro14/pico-sdk/src/rp2_common/hardware_irq/irq.c.o
                0x100008d4                irq_set_pending
 .text.irq_has_shared_handler
                0x100008ec       0x20 CMakeFiles/pico_T_ctrl.dir/Users/rs_mbpro14/pico-sdk/src/rp2_common/hardware_irq/irq.c.o
                0x100008ec                irq_has_shared_handler
 .text.irq_set_exclusive_handler
                0x1000090c       0x60 CMakeFiles/pico_T_ctrl.dir/Users/rs_mbpro14/pico-sdk/src/rp2_common/hardware_irq/irq.c.o
                0x1000090c                irq_set_exclusive_handler
 .text.irq_add_shared_handler
                0x1000096c      0x1e8 CMakeFiles/pico_T_ctrl.dir/Users/rs_mbpro14/pico-sdk/src/rp2_common/hardware_irq/irq.c.o
                0x1000096c                irq_add_shared_handler
 .text.irq_add_tail_to_free_list
                0x10000b54       0xbc CMakeFiles/pico_T_ctrl.dir/Users/rs_mbpro14/pico-sdk/src/rp2_common/hardware_irq/irq.c.o
                0x10000b54                irq_add_tail_to_free_list
 .text.user_irq_claim_unused
                0x10000c10       0x28 CMakeFiles/pico_T_ctrl.dir/Users/rs_mbpro14/pico-sdk/src/rp2_common/hardware_irq/irq.c.o
                0x10000c10                user_irq_claim_unused
 .text.lock_init
                0x10000c38        0xc CMakeFiles/pico_T_ctrl.dir/Users/rs_mbpro14/pico-sdk/src/common/pico_sync/lock_core.c.o
                0x10000c38                lock_init
 .text.runtime_init_mutex
                0x10000c44       0x4c CMakeFiles/pico_T_ctrl.dir/Users/rs_mbpro14/pico-sdk/src/common/pico_sync/mutex.c.o
                0x10000c44                runtime_init_mutex
 .text.mutex_init
                0x10000c90       0x1c CMakeFiles/pico_T_ctrl.dir/Users/rs_mbpro14/pico-sdk/src/common/pico_sync/mutex.c.o
                0x10000c90                mutex_init
 .text.critical_section_init
                0x10000cac       0x1c CMakeFiles/pico_T_ctrl.dir/Users/rs_mbpro14/pico-sdk/src/common/pico_sync/critical_section.c.o
                0x10000cac                critical_section_init
 .text.critical_section_init_with_lock_num
                0x10000cc8       0x10 CMakeFiles/pico_T_ctrl.dir/Users/rs_mbpro14/pico-sdk/src/common/pico_sync/critical_section.c.o
                0x10000cc8                critical_section_init_with_lock_num
 .text.sleep_until_callback
                0x10000cd8       0x3c CMakeFiles/pico_T_ctrl.dir/Users/rs_mbpro14/pico-sdk/src/common/pico_time/time.c.o
 *fill*         0x10000d14        0x4 
 .text.alarm_pool_irq_handler
                0x10000d18      0x2f0 CMakeFiles/pico_T_ctrl.dir/Users/rs_mbpro14/pico-sdk/src/common/pico_time/time.c.o
 .text.runtime_init_default_alarm_pool
                0x10001008      0x100 CMakeFiles/pico_T_ctrl.dir/Users/rs_mbpro14/pico-sdk/src/common/pico_time/time.c.o
                0x10001008                runtime_init_default_alarm_pool
 .text.alarm_pool_get_default
                0x10001108        0x8 CMakeFiles/pico_T_ctrl.dir/Users/rs_mbpro14/pico-sdk/src/common/pico_time/time.c.o
                0x10001108                alarm_pool_get_default
 .text.alarm_pool_add_alarm_at
                0x10001110       0xdc CMakeFiles/pico_T_ctrl.dir/Users/rs_mbpro14/pico-sdk/src/common/pico_time/time.c.o
                0x10001110                alarm_pool_add_alarm_at
 .text.alarm_pool_add_alarm_at_force_in_context
                0x100011ec       0xc8 CMakeFiles/pico_T_ctrl.dir/Users/rs_mbpro14/pico-sdk/src/common/pico_time/time.c.o
                0x100011ec                alarm_pool_add_alarm_at_force_in_context
 .text.alarm_pool_cancel_alarm
                0x100012b4       0x80 CMakeFiles/pico_T_ctrl.dir/Users/rs_mbpro14/pico-sdk/src/common/pico_time/time.c.o
                0x100012b4                alarm_pool_cancel_alarm
 .text.alarm_pool_core_num
                0x10001334        0x4 CMakeFiles/pico_T_ctrl.dir/Users/rs_mbpro14/pico-sdk/src/common/pico_time/time.c.o
                0x10001334                alarm_pool_core_num
 .text.sleep_ms
                0x10001338       0xdc CMakeFiles/pico_T_ctrl.dir/Users/rs_mbpro14/pico-sdk/src/common/pico_time/time.c.o
                0x10001338                sleep_ms
 .text.best_effort_wfe_or_timeout
                0x10001414       0xd4 CMakeFiles/pico_T_ctrl.dir/Users/rs_mbpro14/pico-sdk/src/common/pico_time/time.c.o
                0x10001414                best_effort_wfe_or_timeout
 .text.timer_hardware_alarm_claim
                0x100014e8       0x24 CMakeFiles/pico_T_ctrl.dir/Users/rs_mbpro14/pico-sdk/src/rp2_common/hardware_timer/timer.c.o
                0x100014e8                timer_hardware_alarm_claim
 .text.timer_time_us_64
                0x1000150c       0x10 CMakeFiles/pico_T_ctrl.dir/Users/rs_mbpro14/pico-sdk/src/rp2_common/hardware_timer/timer.c.o
                0x1000150c                timer_time_us_64
 .text.time_us_64
                0x1000151c       0x14 CMakeFiles/pico_T_ctrl.dir/Users/rs_mbpro14/pico-sdk/src/rp2_common/hardware_timer/timer.c.o
                0x1000151c                time_us_64
 .text.busy_wait_us
                0x10001530       0x5c CMakeFiles/pico_T_ctrl.dir/Users/rs_mbpro14/pico-sdk/src/rp2_common/hardware_timer/timer.c.o
                0x10001530                busy_wait_us
 .text.busy_wait_until
                0x1000158c       0x24 CMakeFiles/pico_T_ctrl.dir/Users/rs_mbpro14/pico-sdk/src/rp2_common/hardware_timer/timer.c.o
                0x1000158c                busy_wait_until
 .text.clock_configure_undivided
                0x100015b0       0xd0 CMakeFiles/pico_T_ctrl.dir/Users/rs_mbpro14/pico-sdk/src/rp2_common/hardware_clocks/clocks.c.o
                0x100015b0                clock_configure_undivided
 .text.clock_get_hz
                0x10001680        0xc CMakeFiles/pico_T_ctrl.dir/Users/rs_mbpro14/pico-sdk/src/rp2_common/hardware_clocks/clocks.c.o
                0x10001680                clock_get_hz
 .text.pll_init
                0x1000168c       0x8c CMakeFiles/pico_T_ctrl.dir/Users/rs_mbpro14/pico-sdk/src/rp2_common/hardware_pll/pll.c.o
                0x1000168c                pll_init
 .text.watchdog_reboot
                0x10001718       0x98 CMakeFiles/pico_T_ctrl.dir/Users/rs_mbpro14/pico-sdk/src/rp2_common/hardware_watchdog/watchdog.c.o
                0x10001718                watchdog_reboot
 .text.tick_start
                0x100017b0       0x18 CMakeFiles/pico_T_ctrl.dir/Users/rs_mbpro14/pico-sdk/src/rp2_common/hardware_ticks/ticks.c.o
                0x100017b0                tick_start
 .text.rom_reboot.constprop.0.isra.0
                0x100017c8       0x34 CMakeFiles/pico_T_ctrl.dir/Users/rs_mbpro14/pico-sdk/src/rp2_common/pico_bootrom/bootrom.c.o
 .text.rom_func_lookup
                0x100017fc       0x18 CMakeFiles/pico_T_ctrl.dir/Users/rs_mbpro14/pico-sdk/src/rp2_common/pico_bootrom/bootrom.c.o
                0x100017fc                rom_func_lookup
 .text.rom_reset_usb_boot_extra
                0x10001814       0x1c CMakeFiles/pico_T_ctrl.dir/Users/rs_mbpro14/pico-sdk/src/rp2_common/pico_bootrom/bootrom.c.o
                0x10001814                rom_reset_usb_boot_extra
 .text.runtime_init_bootrom_locking_enable
                0x10001830       0x14 CMakeFiles/pico_T_ctrl.dir/Users/rs_mbpro14/pico-sdk/src/rp2_common/pico_bootrom/bootrom_lock.c.o
                0x10001830                runtime_init_bootrom_locking_enable
 .text.runtime_init_boot_locks_reset
                0x10001844       0x1c CMakeFiles/pico_T_ctrl.dir/Users/rs_mbpro14/pico-sdk/src/rp2_common/hardware_boot_lock/boot_lock.c.o
                0x10001844                runtime_init_boot_locks_reset
 .text.xosc_init
                0x10001860       0x30 CMakeFiles/pico_T_ctrl.dir/Users/rs_mbpro14/pico-sdk/src/rp2_common/hardware_xosc/xosc.c.o
                0x10001860                xosc_init
 .text.first_per_core_initializer
                0x10001890        0x4 CMakeFiles/pico_T_ctrl.dir/Users/rs_mbpro14/pico-sdk/src/rp2_common/pico_runtime/runtime.c.o
 .text.hard_assertion_failure
                0x10001894        0xc CMakeFiles/pico_T_ctrl.dir/Users/rs_mbpro14/pico-sdk/src/rp2_common/pico_runtime/runtime.c.o
                0x10001894                hard_assertion_failure
 .text.runtime_run_initializers
                0x100018a0       0x20 CMakeFiles/pico_T_ctrl.dir/Users/rs_mbpro14/pico-sdk/src/rp2_common/pico_runtime/runtime.c.o
                0x100018a0                runtime_run_initializers
 .text.runtime_run_per_core_initializers
                0x100018c0       0x20 CMakeFiles/pico_T_ctrl.dir/Users/rs_mbpro14/pico-sdk/src/rp2_common/pico_runtime/runtime.c.o
                0x100018c0                runtime_run_per_core_initializers
 .text.runtime_init_early_resets
                0x100018e0       0x34 CMakeFiles/pico_T_ctrl.dir/Users/rs_mbpro14/pico-sdk/src/rp2_common/pico_runtime_init/runtime_init.c.o
                0x100018e0                runtime_init_early_resets
 .text.runtime_init_usb_power_down
                0x10001914       0x1c CMakeFiles/pico_T_ctrl.dir/Users/rs_mbpro14/pico-sdk/src/rp2_common/pico_runtime_init/runtime_init.c.o
                0x10001914                runtime_init_usb_power_down
 .text.runtime_init_per_core_enable_coprocessors
                0x10001930       0x1c CMakeFiles/pico_T_ctrl.dir/Users/rs_mbpro14/pico-sdk/src/rp2_common/pico_runtime_init/runtime_init.c.o
                0x10001930                runtime_init_per_core_enable_coprocessors
 .text.runtime_init_post_clock_resets
                0x1000194c       0x20 CMakeFiles/pico_T_ctrl.dir/Users/rs_mbpro14/pico-sdk/src/rp2_common/pico_runtime_init/runtime_init.c.o
                0x1000194c                runtime_init_post_clock_resets
 .text.runtime_init_bootrom_reset
                0x1000196c       0x14 CMakeFiles/pico_T_ctrl.dir/Users/rs_mbpro14/pico-sdk/src/rp2_common/pico_runtime_init/runtime_init.c.o
                0x1000196c                runtime_init_bootrom_reset
 .text.runtime_init_per_core_bootrom_reset
                0x10001980       0x14 CMakeFiles/pico_T_ctrl.dir/Users/rs_mbpro14/pico-sdk/src/rp2_common/pico_runtime_init/runtime_init.c.o
                0x10001980                runtime_init_per_core_bootrom_reset
 .text.runtime_init_spin_locks_reset
                0x10001994        0x4 CMakeFiles/pico_T_ctrl.dir/Users/rs_mbpro14/pico-sdk/src/rp2_common/pico_runtime_init/runtime_init.c.o
                0x10001994                runtime_init_spin_locks_reset
 .text.runtime_init_install_ram_vector_table
                0x10001998       0x20 CMakeFiles/pico_T_ctrl.dir/Users/rs_mbpro14/pico-sdk/src/rp2_common/pico_runtime_init/runtime_init.c.o
                0x10001998                runtime_init_install_ram_vector_table
 .text.runtime_init_clocks
                0x100019b8       0xdc CMakeFiles/pico_T_ctrl.dir/Users/rs_mbpro14/pico-sdk/src/rp2_common/pico_runtime_init/runtime_init_clocks.c.o
                0x100019b8                runtime_init_clocks
 *fill*         0x10001a94        0x4 
 .text.dpow_1   0x10001a98      0x264 CMakeFiles/pico_T_ctrl.dir/Users/rs_mbpro14/pico-sdk/src/rp2_common/pico_double/double_math.c.o
 .text.dpow_int2
                0x10001cfc      0x134 CMakeFiles/pico_T_ctrl.dir/Users/rs_mbpro14/pico-sdk/src/rp2_common/pico_double/double_math.c.o
 .text.dpow_0   0x10001e30      0x150 CMakeFiles/pico_T_ctrl.dir/Users/rs_mbpro14/pico-sdk/src/rp2_common/pico_double/double_math.c.o
 .text.__wrap_ldexp
                0x10001f80       0x44 CMakeFiles/pico_T_ctrl.dir/Users/rs_mbpro14/pico-sdk/src/rp2_common/pico_double/double_math.c.o
                0x10001f80                __wrap_ldexp
 .text.__wrap_round
                0x10001fc4       0x7c CMakeFiles/pico_T_ctrl.dir/Users/rs_mbpro14/pico-sdk/src/rp2_common/pico_double/double_math.c.o
                0x10001fc4                __wrap_round
 .text.__wrap_exp2
                0x10002040       0xbc CMakeFiles/pico_T_ctrl.dir/Users/rs_mbpro14/pico-sdk/src/rp2_common/pico_double/double_math.c.o
                0x10002040                __wrap_exp2
 .text.__wrap_pow
                0x100020fc      0x2dc CMakeFiles/pico_T_ctrl.dir/Users/rs_mbpro14/pico-sdk/src/rp2_common/pico_double/double_math.c.o
                0x100020fc                __wrap_pow
 .text.__rp2350_dcp_engaged_state_save_restore
                0x100023d8       0x3a CMakeFiles/pico_T_ctrl.dir/Users/rs_mbpro14/pico-sdk/src/rp2_common/pico_double/double_aeabi_dcp.S.o
 *fill*         0x10002412        0x2 
 .text.__wrap___aeabi_dadd
                0x10002414       0x28 CMakeFiles/pico_T_ctrl.dir/Users/rs_mbpro14/pico-sdk/src/rp2_common/pico_double/double_aeabi_dcp.S.o
                0x1000241c                __wrap___aeabi_dadd
 .text.__wrap___aeabi_dsub
                0x1000243c       0x28 CMakeFiles/pico_T_ctrl.dir/Users/rs_mbpro14/pico-sdk/src/rp2_common/pico_double/double_aeabi_dcp.S.o
                0x10002444                __wrap___aeabi_dsub
 .text.__wrap___aeabi_dmul
                0x10002464       0x4c CMakeFiles/pico_T_ctrl.dir/Users/rs_mbpro14/pico-sdk/src/rp2_common/pico_double/double_aeabi_dcp.S.o
                0x1000246c                __wrap___aeabi_dmul
 .text.__wrap___aeabi_ddiv
                0x100024b0       0x9c CMakeFiles/pico_T_ctrl.dir/Users/rs_mbpro14/pico-sdk/src/rp2_common/pico_double/double_aeabi_dcp.S.o
                0x100024b8                __wrap___aeabi_ddiv
 .text.__wrap___aeabi_d2f
                0x1000254c       0x1c CMakeFiles/pico_T_ctrl.dir/Users/rs_mbpro14/pico-sdk/src/rp2_common/pico_double/double_aeabi_dcp.S.o
                0x10002554                double2float
                0x10002554                __wrap___aeabi_d2f
 .text.__wrap___aeabi_i2d
                0x10002568       0x24 CMakeFiles/pico_T_ctrl.dir/Users/rs_mbpro14/pico-sdk/src/rp2_common/pico_double/double_aeabi_dcp.S.o
                0x10002570                __wrap___aeabi_i2d
                0x10002570                int2double
 .text.__wrap___aeabi_ui2d
                0x1000258c       0x24 CMakeFiles/pico_T_ctrl.dir/Users/rs_mbpro14/pico-sdk/src/rp2_common/pico_double/double_aeabi_dcp.S.o
                0x10002594                __wrap___aeabi_ui2d
                0x10002594                uint2double
 .text.__wrap___aeabi_d2iz
                0x100025b0       0x24 CMakeFiles/pico_T_ctrl.dir/Users/rs_mbpro14/pico-sdk/src/rp2_common/pico_double/double_aeabi_dcp.S.o
                0x100025b8                __wrap___aeabi_d2iz
                0x100025b8                double2int_z
 .text.__wrap___aeabi_d2uiz
                0x100025d4       0x24 CMakeFiles/pico_T_ctrl.dir/Users/rs_mbpro14/pico-sdk/src/rp2_common/pico_double/double_aeabi_dcp.S.o
                0x100025dc                double2uint_z
                0x100025dc                double2uint
                0x100025dc                __wrap___aeabi_d2uiz
 .text.__wrap___aeabi_dcmpun
                0x100025f8       0x24 CMakeFiles/pico_T_ctrl.dir/Users/rs_mbpro14/pico-sdk/src/rp2_common/pico_double/double_aeabi_dcp.S.o
                0x10002600                __wrap___aeabi_dcmpun
 .text.__wrap___aeabi_dcmpeq
                0x1000261c       0x24 CMakeFiles/pico_T_ctrl.dir/Users/rs_mbpro14/pico-sdk/src/rp2_common/pico_double/double_aeabi_dcp.S.o
                0x10002624                __wrap___aeabi_dcmpeq
 .text.__wrap___aeabi_dcmplt
                0x10002640       0x28 CMakeFiles/pico_T_ctrl.dir/Users/rs_mbpro14/pico-sdk/src/rp2_common/pico_double/double_aeabi_dcp.S.o
                0x10002648                __wrap___aeabi_dcmplt
 .text.__wrap___aeabi_dcmple
                0x10002668       0x28 CMakeFiles/pico_T_ctrl.dir/Users/rs_mbpro14/pico-sdk/src/rp2_common/pico_double/double_aeabi_dcp.S.o
                0x10002670                __wrap___aeabi_dcmple
 .text.__wrap___aeabi_dcmpge
                0x10002690       0x28 CMakeFiles/pico_T_ctrl.dir/Users/rs_mbpro14/pico-sdk/src/rp2_common/pico_double/double_aeabi_dcp.S.o
                0x10002698                __wrap___aeabi_dcmpge
 .text.__wrap___aeabi_dcmpgt
                0x100026b8       0x28 CMakeFiles/pico_T_ctrl.dir/Users/rs_mbpro14/pico-sdk/src/rp2_common/pico_double/double_aeabi_dcp.S.o
                0x100026c0                __wrap___aeabi_dcmpgt
 .text.dpack    0x100026e0       0x58 CMakeFiles/pico_T_ctrl.dir/Users/rs_mbpro14/pico-sdk/src/rp2_common/pico_double/double_sci_m33.S.o
 .text.dreduce  0x10002738       0x7a CMakeFiles/pico_T_ctrl.dir/Users/rs_mbpro14/pico-sdk/src/rp2_common/pico_double/double_sci_m33.S.o
 *fill*         0x100027b2        0x2 
 .text.exptab   0x100027b4      0x1fc CMakeFiles/pico_T_ctrl.dir/Users/rs_mbpro14/pico-sdk/src/rp2_common/pico_double/double_sci_m33.S.o
                0x100027b4                exptab0
                0x10002814                exptab1
                0x100028a4                exptab2
                0x10002924                logtab0
 .text.__wrap_exp
                0x100029b0      0x148 CMakeFiles/pico_T_ctrl.dir/Users/rs_mbpro14/pico-sdk/src/rp2_common/pico_double/double_sci_m33.S.o
                0x100029da                __wrap_exp
 .text.__wrap_log
                0x10002af8      0x358 CMakeFiles/pico_T_ctrl.dir/Users/rs_mbpro14/pico-sdk/src/rp2_common/pico_double/double_sci_m33.S.o
                0x10002cd6                __wrap_log
 .text.__wrap_logf
                0x10002e50      0x188 CMakeFiles/pico_T_ctrl.dir/Users/rs_mbpro14/pico-sdk/src/rp2_common/pico_float/float_sci_m33_vfp.S.o
                0x10002e50                __wrap_logf
 .text.__wrap_malloc
                0x10002fd8       0x38 CMakeFiles/pico_T_ctrl.dir/Users/rs_mbpro14/pico-sdk/src/rp2_common/pico_malloc/malloc.c.o
                0x10002fd8                __wrap_malloc
 .text._out_null
                0x10003010        0x4 CMakeFiles/pico_T_ctrl.dir/Users/rs_mbpro14/pico-sdk/src/rp2_common/pico_printf/printf.c.o
 .text._out_rev
                0x10003014       0x9c CMakeFiles/pico_T_ctrl.dir/Users/rs_mbpro14/pico-sdk/src/rp2_common/pico_printf/printf.c.o
 .text._ntoa_format
                0x100030b0      0x1d4 CMakeFiles/pico_T_ctrl.dir/Users/rs_mbpro14/pico-sdk/src/rp2_common/pico_printf/printf.c.o
 .text._out_char
                0x10003284        0x8 CMakeFiles/pico_T_ctrl.dir/Users/rs_mbpro14/pico-sdk/src/rp2_common/pico_printf/printf.c.o
 .text._out_fct
                0x1000328c        0xc CMakeFiles/pico_T_ctrl.dir/Users/rs_mbpro14/pico-sdk/src/rp2_common/pico_printf/printf.c.o
 .text._ftoa    0x10003298      0x4bc CMakeFiles/pico_T_ctrl.dir/Users/rs_mbpro14/pico-sdk/src/rp2_common/pico_printf/printf.c.o
 *fill*         0x10003754        0x4 
 .text._etoa    0x10003758      0x574 CMakeFiles/pico_T_ctrl.dir/Users/rs_mbpro14/pico-sdk/src/rp2_common/pico_printf/printf.c.o
 .text._vsnprintf
                0x10003ccc      0x9e4 CMakeFiles/pico_T_ctrl.dir/Users/rs_mbpro14/pico-sdk/src/rp2_common/pico_printf/printf.c.o
 .text.vfctprintf
                0x100046b0       0x28 CMakeFiles/pico_T_ctrl.dir/Users/rs_mbpro14/pico-sdk/src/rp2_common/pico_printf/printf.c.o
                0x100046b0                vfctprintf
 .text.weak_raw_vprintf
                0x100046d8       0x30 CMakeFiles/pico_T_ctrl.dir/Users/rs_mbpro14/pico-sdk/src/rp2_common/pico_printf/printf.c.o
                0x100046d8                weak_raw_vprintf
 .text._exit    0x10004708        0x4 CMakeFiles/pico_T_ctrl.dir/Users/rs_mbpro14/pico-sdk/src/rp2_common/pico_clib_interface/newlib_interface.c.o
                0x10004708                _exit
 .text._sbrk    0x1000470c       0x2c CMakeFiles/pico_T_ctrl.dir/Users/rs_mbpro14/pico-sdk/src/rp2_common/pico_clib_interface/newlib_interface.c.o
                0x1000470c                _sbrk
 .text._gettimeofday
                0x10004738       0x34 CMakeFiles/pico_T_ctrl.dir/Users/rs_mbpro14/pico-sdk/src/rp2_common/pico_clib_interface/newlib_interface.c.o
                0x10004738                _gettimeofday
 .text._read    0x1000476c       0x1c CMakeFiles/pico_T_ctrl.dir/Users/rs_mbpro14/pico-sdk/src/rp2_common/pico_clib_interface/newlib_interface.c.o
                0x1000476c                _read
 .text._write   0x10004788       0x20 CMakeFiles/pico_T_ctrl.dir/Users/rs_mbpro14/pico-sdk/src/rp2_common/pico_clib_interface/newlib_interface.c.o
                0x10004788                _write
 .text._close   0x100047a8        0x8 CMakeFiles/pico_T_ctrl.dir/Users/rs_mbpro14/pico-sdk/src/rp2_common/pico_clib_interface/newlib_interface.c.o
                0x100047a8                _close
 .text._lseek   0x100047b0        0x8 CMakeFiles/pico_T_ctrl.dir/Users/rs_mbpro14/pico-sdk/src/rp2_common/pico_clib_interface/newlib_interface.c.o
                0x100047b0                _lseek
 .text._fstat   0x100047b8        0x8 CMakeFiles/pico_T_ctrl.dir/Users/rs_mbpro14/pico-sdk/src/rp2_common/pico_clib_interface/newlib_interface.c.o
                0x100047b8                _fstat
 .text.exit     0x100047c0        0x8 CMakeFiles/pico_T_ctrl.dir/Users/rs_mbpro14/pico-sdk/src/rp2_common/pico_clib_interface/newlib_interface.c.o
                0x100047c0                exit
 .text.runtime_init
                0x100047c8       0x24 CMakeFiles/pico_T_ctrl.dir/Users/rs_mbpro14/pico-sdk/src/rp2_common/pico_clib_interface/newlib_interface.c.o
                0x100047c8                runtime_init
 .text.stdio_out_chars_no_crlf
                0x100047ec        0x8 CMakeFiles/pico_T_ctrl.dir/Users/rs_mbpro14/pico-sdk/src/rp2_common/pico_stdio/stdio.c.o
 .text.stdio_out_chars_crlf
                0x100047f4       0xb0 CMakeFiles/pico_T_ctrl.dir/Users/rs_mbpro14/pico-sdk/src/rp2_common/pico_stdio/stdio.c.o
 .text.stdio_buffered_printer
                0x100048a4       0x60 CMakeFiles/pico_T_ctrl.dir/Users/rs_mbpro14/pico-sdk/src/rp2_common/pico_stdio/stdio.c.o
 .text.stdio_put_string
                0x10004904       0xec CMakeFiles/pico_T_ctrl.dir/Users/rs_mbpro14/pico-sdk/src/rp2_common/pico_stdio/stdio.c.o
                0x10004904                stdio_put_string
 .text.stdio_get_until
                0x100049f0       0x7c CMakeFiles/pico_T_ctrl.dir/Users/rs_mbpro14/pico-sdk/src/rp2_common/pico_stdio/stdio.c.o
                0x100049f0                stdio_get_until
 .text.stdio_set_driver_enabled
                0x10004a6c       0x28 CMakeFiles/pico_T_ctrl.dir/Users/rs_mbpro14/pico-sdk/src/rp2_common/pico_stdio/stdio.c.o
                0x10004a6c                stdio_set_driver_enabled
 .text.stdio_init_all
                0x10004a94        0x4 CMakeFiles/pico_T_ctrl.dir/Users/rs_mbpro14/pico-sdk/src/rp2_common/pico_stdio/stdio.c.o
                0x10004a94                stdio_init_all
 .text.stdio_getchar_timeout_us
                0x10004a98       0x8c CMakeFiles/pico_T_ctrl.dir/Users/rs_mbpro14/pico-sdk/src/rp2_common/pico_stdio/stdio.c.o
                0x10004a98                stdio_getchar_timeout_us
 .text.__wrap_putchar
                0x10004b24       0x84 CMakeFiles/pico_T_ctrl.dir/Users/rs_mbpro14/pico-sdk/src/rp2_common/pico_stdio/stdio.c.o
                0x10004b24                stdio_putchar
                0x10004b24                __wrap_putchar
 .text.__wrap_puts
                0x10004ba8       0x3c CMakeFiles/pico_T_ctrl.dir/Users/rs_mbpro14/pico-sdk/src/rp2_common/pico_stdio/stdio.c.o
                0x10004ba8                __wrap_puts
                0x10004ba8                stdio_puts
 .text.__wrap_vprintf
                0x10004be4       0xc4 CMakeFiles/pico_T_ctrl.dir/Users/rs_mbpro14/pico-sdk/src/rp2_common/pico_stdio/stdio.c.o
                0x10004be4                __wrap_vprintf
                0x10004be4                stdio_vprintf
 .text.__wrap_printf
                0x10004ca8       0x1c CMakeFiles/pico_T_ctrl.dir/Users/rs_mbpro14/pico-sdk/src/rp2_common/pico_stdio/stdio.c.o
                0x10004ca8                stdio_printf
                0x10004ca8                __wrap_printf
 .text.resetd_init
                0x10004cc4        0x4 CMakeFiles/pico_T_ctrl.dir/Users/rs_mbpro14/pico-sdk/src/rp2_common/pico_stdio_usb/reset_interface.c.o
 .text.resetd_reset
                0x10004cc8        0xc CMakeFiles/pico_T_ctrl.dir/Users/rs_mbpro14/pico-sdk/src/rp2_common/pico_stdio_usb/reset_interface.c.o
 .text.resetd_open
                0x10004cd4       0x28 CMakeFiles/pico_T_ctrl.dir/Users/rs_mbpro14/pico-sdk/src/rp2_common/pico_stdio_usb/reset_interface.c.o
 .text.resetd_xfer_cb
                0x10004cfc        0x4 CMakeFiles/pico_T_ctrl.dir/Users/rs_mbpro14/pico-sdk/src/rp2_common/pico_stdio_usb/reset_interface.c.o
 .text.resetd_control_xfer_cb
                0x10004d00       0x50 CMakeFiles/pico_T_ctrl.dir/Users/rs_mbpro14/pico-sdk/src/rp2_common/pico_stdio_usb/reset_interface.c.o
 .text.tud_descriptor_bos_cb
                0x10004d50        0x8 CMakeFiles/pico_T_ctrl.dir/Users/rs_mbpro14/pico-sdk/src/rp2_common/pico_stdio_usb/reset_interface.c.o
                0x10004d50                tud_descriptor_bos_cb
 .text.tud_vendor_control_xfer_cb
                0x10004d58       0x28 CMakeFiles/pico_T_ctrl.dir/Users/rs_mbpro14/pico-sdk/src/rp2_common/pico_stdio_usb/reset_interface.c.o
                0x10004d58                tud_vendor_control_xfer_cb
 .text.usbd_app_driver_get_cb
                0x10004d80       0x10 CMakeFiles/pico_T_ctrl.dir/Users/rs_mbpro14/pico-sdk/src/rp2_common/pico_stdio_usb/reset_interface.c.o
                0x10004d80                usbd_app_driver_get_cb
 .text.tud_cdc_line_coding_cb
                0x10004d90       0x18 CMakeFiles/pico_T_ctrl.dir/Users/rs_mbpro14/pico-sdk/src/rp2_common/pico_stdio_usb/reset_interface.c.o
                0x10004d90                tud_cdc_line_coding_cb
 .text.stdio_usb_set_chars_available_callback
                0x10004da8       0x14 CMakeFiles/pico_T_ctrl.dir/Users/rs_mbpro14/pico-sdk/src/rp2_common/pico_stdio_usb/stdio_usb.c.o
                0x10004da8                stdio_usb_set_chars_available_callback
 .text.timer_task
                0x10004dbc       0x70 CMakeFiles/pico_T_ctrl.dir/Users/rs_mbpro14/pico-sdk/src/rp2_common/pico_stdio_usb/stdio_usb.c.o
 .text.usb_irq  0x10004e2c        0xc CMakeFiles/pico_T_ctrl.dir/Users/rs_mbpro14/pico-sdk/src/rp2_common/pico_stdio_usb/stdio_usb.c.o
 .text.stdio_usb_in_chars
                0x10004e38       0x88 CMakeFiles/pico_T_ctrl.dir/Users/rs_mbpro14/pico-sdk/src/rp2_common/pico_stdio_usb/stdio_usb.c.o
                0x10004e38                stdio_usb_in_chars
 .text.stdio_usb_out_flush
                0x10004ec0       0x54 CMakeFiles/pico_T_ctrl.dir/Users/rs_mbpro14/pico-sdk/src/rp2_common/pico_stdio_usb/stdio_usb.c.o
 .text.stdio_usb_out_chars
                0x10004f14       0xf4 CMakeFiles/pico_T_ctrl.dir/Users/rs_mbpro14/pico-sdk/src/rp2_common/pico_stdio_usb/stdio_usb.c.o
 .text.low_priority_worker_irq
                0x10005008       0xd8 CMakeFiles/pico_T_ctrl.dir/Users/rs_mbpro14/pico-sdk/src/rp2_common/pico_stdio_usb/stdio_usb.c.o
 .text.stdio_usb_init
                0x100050e0       0xe8 CMakeFiles/pico_T_ctrl.dir/Users/rs_mbpro14/pico-sdk/src/rp2_common/pico_stdio_usb/stdio_usb.c.o
                0x100050e0                stdio_usb_init
 .text.stdio_usb_connected
                0x100051c8        0x8 CMakeFiles/pico_T_ctrl.dir/Users/rs_mbpro14/pico-sdk/src/rp2_common/pico_stdio_usb/stdio_usb.c.o
                0x100051c8                stdio_usb_connected
 .text.tud_descriptor_device_cb
                0x100051d0        0x8 CMakeFiles/pico_T_ctrl.dir/Users/rs_mbpro14/pico-sdk/src/rp2_common/pico_stdio_usb/stdio_usb_descriptors.c.o
                0x100051d0                tud_descriptor_device_cb
 .text.tud_descriptor_configuration_cb
                0x100051d8        0x8 CMakeFiles/pico_T_ctrl.dir/Users/rs_mbpro14/pico-sdk/src/rp2_common/pico_stdio_usb/stdio_usb_descriptors.c.o
                0x100051d8                tud_descriptor_configuration_cb
 .text.tud_descriptor_string_cb
                0x100051e0       0x70 CMakeFiles/pico_T_ctrl.dir/Users/rs_mbpro14/pico-sdk/src/rp2_common/pico_stdio_usb/stdio_usb_descriptors.c.o
                0x100051e0                tud_descriptor_string_cb
 .text.startup._retrieve_unique_id_on_boot
                0x10005250       0x30 CMakeFiles/pico_T_ctrl.dir/Users/rs_mbpro14/pico-sdk/src/rp2_common/pico_unique_id/unique_id.c.o
 .text.pico_get_unique_board_id_string
                0x10005280      0x184 CMakeFiles/pico_T_ctrl.dir/Users/rs_mbpro14/pico-sdk/src/rp2_common/pico_unique_id/unique_id.c.o
                0x10005280                pico_get_unique_board_id_string
 .text.dcd_init
                0x10005404       0x8c CMakeFiles/pico_T_ctrl.dir/Users/rs_mbpro14/pico-sdk/lib/tinyusb/src/portable/raspberrypi/rp2040/dcd_rp2040.c.o
                0x10005404                dcd_init
 .text.dcd_int_enable
                0x10005490        0x8 CMakeFiles/pico_T_ctrl.dir/Users/rs_mbpro14/pico-sdk/lib/tinyusb/src/portable/raspberrypi/rp2040/dcd_rp2040.c.o
                0x10005490                dcd_int_enable
 .text.dcd_set_address
                0x10005498       0x10 CMakeFiles/pico_T_ctrl.dir/Users/rs_mbpro14/pico-sdk/lib/tinyusb/src/portable/raspberrypi/rp2040/dcd_rp2040.c.o
                0x10005498                dcd_set_address
 .text.dcd_sof_enable
                0x100054a8       0x1c CMakeFiles/pico_T_ctrl.dir/Users/rs_mbpro14/pico-sdk/lib/tinyusb/src/portable/raspberrypi/rp2040/dcd_rp2040.c.o
                0x100054a8                dcd_sof_enable
 .text.dcd_edpt0_status_complete
                0x100054c4       0x1c CMakeFiles/pico_T_ctrl.dir/Users/rs_mbpro14/pico-sdk/lib/tinyusb/src/portable/raspberrypi/rp2040/dcd_rp2040.c.o
                0x100054c4                dcd_edpt0_status_complete
 .text.dcd_edpt_open
                0x100054e0      0x104 CMakeFiles/pico_T_ctrl.dir/Users/rs_mbpro14/pico-sdk/lib/tinyusb/src/portable/raspberrypi/rp2040/dcd_rp2040.c.o
                0x100054e0                dcd_edpt_open
 .text.dcd_edpt_close_all
                0x100055e4        0x4 CMakeFiles/pico_T_ctrl.dir/Users/rs_mbpro14/pico-sdk/lib/tinyusb/src/portable/raspberrypi/rp2040/dcd_rp2040.c.o
                0x100055e4                dcd_edpt_close_all
 .text.dcd_edpt_xfer
                0x100055e8       0x28 CMakeFiles/pico_T_ctrl.dir/Users/rs_mbpro14/pico-sdk/lib/tinyusb/src/portable/raspberrypi/rp2040/dcd_rp2040.c.o
                0x100055e8                dcd_edpt_xfer
 .text.dcd_edpt_stall
                0x10005610       0x30 CMakeFiles/pico_T_ctrl.dir/Users/rs_mbpro14/pico-sdk/lib/tinyusb/src/portable/raspberrypi/rp2040/dcd_rp2040.c.o
                0x10005610                dcd_edpt_stall
 .text.dcd_edpt_clear_stall
                0x10005640       0x24 CMakeFiles/pico_T_ctrl.dir/Users/rs_mbpro14/pico-sdk/lib/tinyusb/src/portable/raspberrypi/rp2040/dcd_rp2040.c.o
                0x10005640                dcd_edpt_clear_stall
 .text.rp2040_usb_init
                0x10005664       0x40 CMakeFiles/pico_T_ctrl.dir/Users/rs_mbpro14/pico-sdk/lib/tinyusb/src/portable/raspberrypi/rp2040/rp2040_usb.c.o
                0x10005664                rp2040_usb_init
 .text.hw_endpoint_xfer_start
                0x100056a4       0x40 CMakeFiles/pico_T_ctrl.dir/Users/rs_mbpro14/pico-sdk/lib/tinyusb/src/portable/raspberrypi/rp2040/rp2040_usb.c.o
                0x100056a4                hw_endpoint_xfer_start
 .text.configuration_reset
                0x100056e4       0x8c CMakeFiles/pico_T_ctrl.dir/Users/rs_mbpro14/pico-sdk/lib/tinyusb/src/device/usbd.c.o
 .text.tud_event_hook_cb
                0x10005770        0x4 CMakeFiles/pico_T_ctrl.dir/Users/rs_mbpro14/pico-sdk/lib/tinyusb/src/device/usbd.c.o
                0x10005770                tud_event_hook_cb
 .text.tud_sof_cb
                0x10005774        0x4 CMakeFiles/pico_T_ctrl.dir/Users/rs_mbpro14/pico-sdk/lib/tinyusb/src/device/usbd.c.o
                0x10005774                tud_sof_cb
 .text.tud_descriptor_device_qualifier_cb
                0x10005778        0x4 CMakeFiles/pico_T_ctrl.dir/Users/rs_mbpro14/pico-sdk/lib/tinyusb/src/device/usbd.c.o
                0x10005778                tud_descriptor_device_qualifier_cb
 .text.tud_descriptor_other_speed_configuration_cb
                0x1000577c        0x4 CMakeFiles/pico_T_ctrl.dir/Users/rs_mbpro14/pico-sdk/lib/tinyusb/src/device/usbd.c.o
                0x1000577c                tud_descriptor_other_speed_configuration_cb
 .text.tud_mount_cb
                0x10005780        0x4 CMakeFiles/pico_T_ctrl.dir/Users/rs_mbpro14/pico-sdk/lib/tinyusb/src/device/usbd.c.o
                0x10005780                tud_mount_cb
 .text.tud_umount_cb
                0x10005784        0x4 CMakeFiles/pico_T_ctrl.dir/Users/rs_mbpro14/pico-sdk/lib/tinyusb/src/device/usbd.c.o
                0x10005784                tud_umount_cb
 .text.tud_suspend_cb
                0x10005788        0x4 CMakeFiles/pico_T_ctrl.dir/Users/rs_mbpro14/pico-sdk/lib/tinyusb/src/device/usbd.c.o
                0x10005788                tud_suspend_cb
 .text.tud_resume_cb
                0x1000578c        0x4 CMakeFiles/pico_T_ctrl.dir/Users/rs_mbpro14/pico-sdk/lib/tinyusb/src/device/usbd.c.o
                0x1000578c                tud_resume_cb
 .text.tud_mounted
                0x10005790       0x10 CMakeFiles/pico_T_ctrl.dir/Users/rs_mbpro14/pico-sdk/lib/tinyusb/src/device/usbd.c.o
                0x10005790                tud_mounted
 .text.tud_suspended
                0x100057a0       0x10 CMakeFiles/pico_T_ctrl.dir/Users/rs_mbpro14/pico-sdk/lib/tinyusb/src/device/usbd.c.o
                0x100057a0                tud_suspended
 .text.tud_rhport_init
                0x100057b0       0xf4 CMakeFiles/pico_T_ctrl.dir/Users/rs_mbpro14/pico-sdk/lib/tinyusb/src/device/usbd.c.o
                0x100057b0                tud_rhport_init
 .text.tud_task_ext
                0x100058a4      0x784 CMakeFiles/pico_T_ctrl.dir/Users/rs_mbpro14/pico-sdk/lib/tinyusb/src/device/usbd.c.o
                0x100058a4                tud_task_ext
 .text.usbd_open_edpt_pair
                0x10006028       0x9c CMakeFiles/pico_T_ctrl.dir/Users/rs_mbpro14/pico-sdk/lib/tinyusb/src/device/usbd.c.o
                0x10006028                usbd_open_edpt_pair
 .text.usbd_edpt_open
                0x100060c4       0x44 CMakeFiles/pico_T_ctrl.dir/Users/rs_mbpro14/pico-sdk/lib/tinyusb/src/device/usbd.c.o
                0x100060c4                usbd_edpt_open
 .text.usbd_edpt_claim
                0x10006108       0x24 CMakeFiles/pico_T_ctrl.dir/Users/rs_mbpro14/pico-sdk/lib/tinyusb/src/device/usbd.c.o
                0x10006108                usbd_edpt_claim
 .text.usbd_edpt_release
                0x1000612c       0x24 CMakeFiles/pico_T_ctrl.dir/Users/rs_mbpro14/pico-sdk/lib/tinyusb/src/device/usbd.c.o
                0x1000612c                usbd_edpt_release
 .text.usbd_edpt_xfer
                0x10006150       0x70 CMakeFiles/pico_T_ctrl.dir/Users/rs_mbpro14/pico-sdk/lib/tinyusb/src/device/usbd.c.o
                0x10006150                usbd_edpt_xfer
 .text.tud_control_status
                0x100061c0       0x34 CMakeFiles/pico_T_ctrl.dir/Users/rs_mbpro14/pico-sdk/lib/tinyusb/src/device/usbd_control.c.o
                0x100061c0                tud_control_status
 .text.tud_control_xfer
                0x100061f4       0xb0 CMakeFiles/pico_T_ctrl.dir/Users/rs_mbpro14/pico-sdk/lib/tinyusb/src/device/usbd_control.c.o
                0x100061f4                tud_control_xfer
 .text.usbd_control_reset
                0x100062a4       0x14 CMakeFiles/pico_T_ctrl.dir/Users/rs_mbpro14/pico-sdk/lib/tinyusb/src/device/usbd_control.c.o
                0x100062a4                usbd_control_reset
 .text.usbd_control_set_complete_callback
                0x100062b8        0xc CMakeFiles/pico_T_ctrl.dir/Users/rs_mbpro14/pico-sdk/lib/tinyusb/src/device/usbd_control.c.o
                0x100062b8                usbd_control_set_complete_callback
 .text.usbd_control_set_request
                0x100062c4       0x1c CMakeFiles/pico_T_ctrl.dir/Users/rs_mbpro14/pico-sdk/lib/tinyusb/src/device/usbd_control.c.o
                0x100062c4                usbd_control_set_request
 .text.usbd_control_xfer_cb
                0x100062e0      0x100 CMakeFiles/pico_T_ctrl.dir/Users/rs_mbpro14/pico-sdk/lib/tinyusb/src/device/usbd_control.c.o
                0x100062e0                usbd_control_xfer_cb
 .text._prep_out_transaction.isra.0
                0x100063e0       0x74 CMakeFiles/pico_T_ctrl.dir/Users/rs_mbpro14/pico-sdk/lib/tinyusb/src/class/cdc/cdc_device.c.o
 .text.tud_cdc_n_connected
                0x10006454       0x2c CMakeFiles/pico_T_ctrl.dir/Users/rs_mbpro14/pico-sdk/lib/tinyusb/src/class/cdc/cdc_device.c.o
                0x10006454                tud_cdc_n_connected
 .text.tud_cdc_n_available
                0x10006480       0x14 CMakeFiles/pico_T_ctrl.dir/Users/rs_mbpro14/pico-sdk/lib/tinyusb/src/class/cdc/cdc_device.c.o
                0x10006480                tud_cdc_n_available
 .text.tud_cdc_n_read
                0x10006494       0x90 CMakeFiles/pico_T_ctrl.dir/Users/rs_mbpro14/pico-sdk/lib/tinyusb/src/class/cdc/cdc_device.c.o
                0x10006494                tud_cdc_n_read
 .text.tud_cdc_n_write_flush
                0x10006524       0x8c CMakeFiles/pico_T_ctrl.dir/Users/rs_mbpro14/pico-sdk/lib/tinyusb/src/class/cdc/cdc_device.c.o
                0x10006524                tud_cdc_n_write_flush
 .text.tud_cdc_n_write
                0x100065b0       0x40 CMakeFiles/pico_T_ctrl.dir/Users/rs_mbpro14/pico-sdk/lib/tinyusb/src/class/cdc/cdc_device.c.o
                0x100065b0                tud_cdc_n_write
 .text.tud_cdc_n_write_available
                0x100065f0       0x14 CMakeFiles/pico_T_ctrl.dir/Users/rs_mbpro14/pico-sdk/lib/tinyusb/src/class/cdc/cdc_device.c.o
                0x100065f0                tud_cdc_n_write_available
 .text.cdcd_init
                0x10006604       0x70 CMakeFiles/pico_T_ctrl.dir/Users/rs_mbpro14/pico-sdk/lib/tinyusb/src/class/cdc/cdc_device.c.o
                0x10006604                cdcd_init
 .text.cdcd_deinit
                0x10006674       0x30 CMakeFiles/pico_T_ctrl.dir/Users/rs_mbpro14/pico-sdk/lib/tinyusb/src/class/cdc/cdc_device.c.o
                0x10006674                cdcd_deinit
 .text.cdcd_reset
                0x100066a4       0x4c CMakeFiles/pico_T_ctrl.dir/Users/rs_mbpro14/pico-sdk/lib/tinyusb/src/class/cdc/cdc_device.c.o
                0x100066a4                cdcd_reset
 .text.cdcd_open
                0x100066f0       0xc0 CMakeFiles/pico_T_ctrl.dir/Users/rs_mbpro14/pico-sdk/lib/tinyusb/src/class/cdc/cdc_device.c.o
                0x100066f0                cdcd_open
 .text.cdcd_control_xfer_cb
                0x100067b0       0xc0 CMakeFiles/pico_T_ctrl.dir/Users/rs_mbpro14/pico-sdk/lib/tinyusb/src/class/cdc/cdc_device.c.o
                0x100067b0                cdcd_control_xfer_cb
 .text.cdcd_xfer_cb
                0x10006870       0xf8 CMakeFiles/pico_T_ctrl.dir/Users/rs_mbpro14/pico-sdk/lib/tinyusb/src/class/cdc/cdc_device.c.o
                0x10006870                cdcd_xfer_cb
 .text.vendord_init
                0x10006968       0x5c CMakeFiles/pico_T_ctrl.dir/Users/rs_mbpro14/pico-sdk/lib/tinyusb/src/class/vendor/vendor_device.c.o
                0x10006968                vendord_init
 .text.vendord_deinit
                0x100069c4       0x1c CMakeFiles/pico_T_ctrl.dir/Users/rs_mbpro14/pico-sdk/lib/tinyusb/src/class/vendor/vendor_device.c.o
                0x100069c4                vendord_deinit
 .text.vendord_reset
                0x100069e0       0x24 CMakeFiles/pico_T_ctrl.dir/Users/rs_mbpro14/pico-sdk/lib/tinyusb/src/class/vendor/vendor_device.c.o
                0x100069e0                vendord_reset
 .text.vendord_open
                0x10006a04       0xf4 CMakeFiles/pico_T_ctrl.dir/Users/rs_mbpro14/pico-sdk/lib/tinyusb/src/class/vendor/vendor_device.c.o
                0x10006a04                vendord_open
 .text.vendord_xfer_cb
                0x10006af8       0x88 CMakeFiles/pico_T_ctrl.dir/Users/rs_mbpro14/pico-sdk/lib/tinyusb/src/class/vendor/vendor_device.c.o
                0x10006af8                vendord_xfer_cb
 .text.tusb_rhport_init
                0x10006b80       0x64 CMakeFiles/pico_T_ctrl.dir/Users/rs_mbpro14/pico-sdk/lib/tinyusb/src/tusb.c.o
                0x10006b80                tusb_rhport_init
 .text.tu_edpt_claim
                0x10006be4       0x54 CMakeFiles/pico_T_ctrl.dir/Users/rs_mbpro14/pico-sdk/lib/tinyusb/src/tusb.c.o
                0x10006be4                tu_edpt_claim
 .text.tu_edpt_release
                0x10006c38       0x38 CMakeFiles/pico_T_ctrl.dir/Users/rs_mbpro14/pico-sdk/lib/tinyusb/src/tusb.c.o
                0x10006c38                tu_edpt_release
 .text.tu_edpt_validate
                0x10006c70       0x60 CMakeFiles/pico_T_ctrl.dir/Users/rs_mbpro14/pico-sdk/lib/tinyusb/src/tusb.c.o
                0x10006c70                tu_edpt_validate
 .text.tu_edpt_bind_driver
                0x10006cd0       0x58 CMakeFiles/pico_T_ctrl.dir/Users/rs_mbpro14/pico-sdk/lib/tinyusb/src/tusb.c.o
                0x10006cd0                tu_edpt_bind_driver
 .text.tu_edpt_stream_init
                0x10006d28       0x58 CMakeFiles/pico_T_ctrl.dir/Users/rs_mbpro14/pico-sdk/lib/tinyusb/src/tusb.c.o
                0x10006d28                tu_edpt_stream_init
 .text.tu_edpt_stream_deinit
                0x10006d80        0x4 CMakeFiles/pico_T_ctrl.dir/Users/rs_mbpro14/pico-sdk/lib/tinyusb/src/tusb.c.o
                0x10006d80                tu_edpt_stream_deinit
 .text.tu_edpt_stream_write_zlp_if_needed
                0x10006d84       0x68 CMakeFiles/pico_T_ctrl.dir/Users/rs_mbpro14/pico-sdk/lib/tinyusb/src/tusb.c.o
                0x10006d84                tu_edpt_stream_write_zlp_if_needed
 .text.tu_edpt_stream_write_xfer
                0x10006dec       0x70 CMakeFiles/pico_T_ctrl.dir/Users/rs_mbpro14/pico-sdk/lib/tinyusb/src/tusb.c.o
                0x10006dec                tu_edpt_stream_write_xfer
 .text.tu_edpt_stream_read_xfer
                0x10006e5c       0xc8 CMakeFiles/pico_T_ctrl.dir/Users/rs_mbpro14/pico-sdk/lib/tinyusb/src/tusb.c.o
                0x10006e5c                tu_edpt_stream_read_xfer
 .text.tu_fifo_config
                0x10006f24       0x60 CMakeFiles/pico_T_ctrl.dir/Users/rs_mbpro14/pico-sdk/lib/tinyusb/src/common/tusb_fifo.c.o
                0x10006f24                tu_fifo_config
 .text.tu_fifo_count
                0x10006f84       0x20 CMakeFiles/pico_T_ctrl.dir/Users/rs_mbpro14/pico-sdk/lib/tinyusb/src/common/tusb_fifo.c.o
                0x10006f84                tu_fifo_count
 .text.tu_fifo_empty
                0x10006fa4       0x14 CMakeFiles/pico_T_ctrl.dir/Users/rs_mbpro14/pico-sdk/lib/tinyusb/src/common/tusb_fifo.c.o
                0x10006fa4                tu_fifo_empty
 .text.tu_fifo_remaining
                0x10006fb8       0x24 CMakeFiles/pico_T_ctrl.dir/Users/rs_mbpro14/pico-sdk/lib/tinyusb/src/common/tusb_fifo.c.o
                0x10006fb8                tu_fifo_remaining
 .text.tu_fifo_read
                0x10006fdc       0x94 CMakeFiles/pico_T_ctrl.dir/Users/rs_mbpro14/pico-sdk/lib/tinyusb/src/common/tusb_fifo.c.o
                0x10006fdc                tu_fifo_read
 .text.tu_fifo_read_n
                0x10007070       0xd8 CMakeFiles/pico_T_ctrl.dir/Users/rs_mbpro14/pico-sdk/lib/tinyusb/src/common/tusb_fifo.c.o
                0x10007070                tu_fifo_read_n
 .text.tu_fifo_write
                0x10007148       0xa4 CMakeFiles/pico_T_ctrl.dir/Users/rs_mbpro14/pico-sdk/lib/tinyusb/src/common/tusb_fifo.c.o
                0x10007148                tu_fifo_write
 .text.tu_fifo_write_n
                0x100071ec      0x15c CMakeFiles/pico_T_ctrl.dir/Users/rs_mbpro14/pico-sdk/lib/tinyusb/src/common/tusb_fifo.c.o
                0x100071ec                tu_fifo_write_n
 .text.tu_fifo_clear
                0x10007348       0x38 CMakeFiles/pico_T_ctrl.dir/Users/rs_mbpro14/pico-sdk/lib/tinyusb/src/common/tusb_fifo.c.o
                0x10007348                tu_fifo_clear
 .text.tu_fifo_set_overwritable
                0x10007380       0x3c CMakeFiles/pico_T_ctrl.dir/Users/rs_mbpro14/pico-sdk/lib/tinyusb/src/common/tusb_fifo.c.o
                0x10007380                tu_fifo_set_overwritable
 .text.adc_init
                0x100073bc       0x30 CMakeFiles/pico_T_ctrl.dir/Users/rs_mbpro14/pico-sdk/src/rp2_common/hardware_adc/adc.c.o
                0x100073bc                adc_init
 .text.core1_trampoline
                0x100073ec        0x4 CMakeFiles/pico_T_ctrl.dir/Users/rs_mbpro14/pico-sdk/src/rp2_common/pico_multicore/multicore.c.o
 .text.core1_wrapper
                0x100073f0       0x10 CMakeFiles/pico_T_ctrl.dir/Users/rs_mbpro14/pico-sdk/src/rp2_common/pico_multicore/multicore.c.o
                0x100073f0                core1_wrapper
 .text.multicore_launch_core1_raw
                0x10007400       0x84 CMakeFiles/pico_T_ctrl.dir/Users/rs_mbpro14/pico-sdk/src/rp2_common/pico_multicore/multicore.c.o
                0x10007400                multicore_launch_core1_raw
 .text.multicore_launch_core1
                0x10007484       0x48 CMakeFiles/pico_T_ctrl.dir/Users/rs_mbpro14/pico-sdk/src/rp2_common/pico_multicore/multicore.c.o
                0x10007484                multicore_launch_core1
 .text.malloc   0x100074cc       0x10 /Applications/ArmGNUToolchain/14.2.rel1/arm-none-eabi/bin/../lib/gcc/arm-none-eabi/14.2.1/../../../../arm-none-eabi/lib/thumb/v8-m.main+fp/softfp/libg.a(libc_a-malloc.o)
                0x100074cc                malloc
 .text._malloc_r
                0x100074dc      0x578 /Applications/ArmGNUToolchain/14.2.rel1/arm-none-eabi/bin/../lib/gcc/arm-none-eabi/14.2.1/../../../../arm-none-eabi/lib/thumb/v8-m.main+fp/softfp/libg.a(libc_a-mallocr.o)
                0x100074dc                _malloc_r
 .text.__malloc_lock
                0x10007a54        0xc /Applications/ArmGNUToolchain/14.2.rel1/arm-none-eabi/bin/../lib/gcc/arm-none-eabi/14.2.1/../../../../arm-none-eabi/lib/thumb/v8-m.main+fp/softfp/libg.a(libc_a-mlock.o)
                0x10007a54                __malloc_lock
 .text.__malloc_unlock
                0x10007a60        0xc /Applications/ArmGNUToolchain/14.2.rel1/arm-none-eabi/bin/../lib/gcc/arm-none-eabi/14.2.1/../../../../arm-none-eabi/lib/thumb/v8-m.main+fp/softfp/libg.a(libc_a-mlock.o)
                0x10007a60                __malloc_unlock
 .text.setvbuf  0x10007a6c      0x1a4 /Applications/ArmGNUToolchain/14.2.rel1/arm-none-eabi/bin/../lib/gcc/arm-none-eabi/14.2.1/../../../../arm-none-eabi/lib/thumb/v8-m.main+fp/softfp/libg.a(libc_a-setvbuf.o)
                0x10007a6c                setvbuf
 .text.stdio_exit_handler
                0x10007c10       0x18 /Applications/ArmGNUToolchain/14.2.rel1/arm-none-eabi/bin/../lib/gcc/arm-none-eabi/14.2.1/../../../../arm-none-eabi/lib/thumb/v8-m.main+fp/softfp/libg.a(libc_a-findfp.o)
 .text.cleanup_stdio
                0x10007c28       0x40 /Applications/ArmGNUToolchain/14.2.rel1/arm-none-eabi/bin/../lib/gcc/arm-none-eabi/14.2.1/../../../../arm-none-eabi/lib/thumb/v8-m.main+fp/softfp/libg.a(libc_a-findfp.o)
 .text.global_stdio_init.part.0
                0x10007c68       0xf0 /Applications/ArmGNUToolchain/14.2.rel1/arm-none-eabi/bin/../lib/gcc/arm-none-eabi/14.2.1/../../../../arm-none-eabi/lib/thumb/v8-m.main+fp/softfp/libg.a(libc_a-findfp.o)
 .text.__sinit  0x10007d58       0x3c /Applications/ArmGNUToolchain/14.2.rel1/arm-none-eabi/bin/../lib/gcc/arm-none-eabi/14.2.1/../../../../arm-none-eabi/lib/thumb/v8-m.main+fp/softfp/libg.a(libc_a-findfp.o)
                0x10007d58                __sinit
 .text.__sfp_lock_acquire
                0x10007d94        0xc /Applications/ArmGNUToolchain/14.2.rel1/arm-none-eabi/bin/../lib/gcc/arm-none-eabi/14.2.1/../../../../arm-none-eabi/lib/thumb/v8-m.main+fp/softfp/libg.a(libc_a-findfp.o)
                0x10007d94                __sfp_lock_acquire
 .text.__sfp_lock_release
                0x10007da0        0xc /Applications/ArmGNUToolchain/14.2.rel1/arm-none-eabi/bin/../lib/gcc/arm-none-eabi/14.2.1/../../../../arm-none-eabi/lib/thumb/v8-m.main+fp/softfp/libg.a(libc_a-findfp.o)
                0x10007da0                __sfp_lock_release
 .text.memset   0x10007dac       0x9c /Applications/ArmGNUToolchain/14.2.rel1/arm-none-eabi/bin/../lib/gcc/arm-none-eabi/14.2.1/../../../../arm-none-eabi/lib/thumb/v8-m.main+fp/softfp/libg.a(libc_a-memset.o)
                0x10007dac                memset
 .text.time     0x10007e48       0x38 /Applications/ArmGNUToolchain/14.2.rel1/arm-none-eabi/bin/../lib/gcc/arm-none-eabi/14.2.1/../../../../arm-none-eabi/lib/thumb/v8-m.main+fp/softfp/libg.a(libc_a-time.o)
                0x10007e48                time
 .text._gettimeofday_r
                0x10007e80       0x2c /Applications/ArmGNUToolchain/14.2.rel1/arm-none-eabi/bin/../lib/gcc/arm-none-eabi/14.2.1/../../../../arm-none-eabi/lib/thumb/v8-m.main+fp/softfp/libg.a(libc_a-gettimeofdayr.o)
                0x10007e80                _gettimeofday_r
 .text._sbrk_r  0x10007eac       0x24 /Applications/ArmGNUToolchain/14.2.rel1/arm-none-eabi/bin/../lib/gcc/arm-none-eabi/14.2.1/../../../../arm-none-eabi/lib/thumb/v8-m.main+fp/softfp/libg.a(libc_a-sbrkr.o)
                0x10007eac                _sbrk_r
 .text.__errno  0x10007ed0        0xc /Applications/ArmGNUToolchain/14.2.rel1/arm-none-eabi/bin/../lib/gcc/arm-none-eabi/14.2.1/../../../../arm-none-eabi/lib/thumb/v8-m.main+fp/softfp/libg.a(libc_a-errno.o)
                0x10007ed0                __errno
 .text.sysconf  0x10007edc       0x1c /Applications/ArmGNUToolchain/14.2.rel1/arm-none-eabi/bin/../lib/gcc/arm-none-eabi/14.2.1/../../../../arm-none-eabi/lib/thumb/v8-m.main+fp/softfp/libg.a(libc_a-sysconf.o)
                0x10007edc                sysconf
 .text.__retarget_lock_init_recursive
                0x10007ef8        0x4 /Applications/ArmGNUToolchain/14.2.rel1/arm-none-eabi/bin/../lib/gcc/arm-none-eabi/14.2.1/../../../../arm-none-eabi/lib/thumb/v8-m.main+fp/softfp/libg.a(libc_a-lock.o)
                0x10007ef8                __retarget_lock_init_recursive
 .text.__retarget_lock_close_recursive
                0x10007efc        0x4 /Applications/ArmGNUToolchain/14.2.rel1/arm-none-eabi/bin/../lib/gcc/arm-none-eabi/14.2.1/../../../../arm-none-eabi/lib/thumb/v8-m.main+fp/softfp/libg.a(libc_a-lock.o)
                0x10007efc                __retarget_lock_close_recursive
 .text.__retarget_lock_acquire_recursive
                0x10007f00        0x4 /Applications/ArmGNUToolchain/14.2.rel1/arm-none-eabi/bin/../lib/gcc/arm-none-eabi/14.2.1/../../../../arm-none-eabi/lib/thumb/v8-m.main+fp/softfp/libg.a(libc_a-lock.o)
                0x10007f00                __retarget_lock_acquire_recursive
 .text.__retarget_lock_release_recursive
                0x10007f04        0x4 /Applications/ArmGNUToolchain/14.2.rel1/arm-none-eabi/bin/../lib/gcc/arm-none-eabi/14.2.1/../../../../arm-none-eabi/lib/thumb/v8-m.main+fp/softfp/libg.a(libc_a-lock.o)
                0x10007f04                __retarget_lock_release_recursive
 .text          0x10007f08       0xec /Applications/ArmGNUToolchain/14.2.rel1/arm-none-eabi/bin/../lib/gcc/arm-none-eabi/14.2.1/../../../../arm-none-eabi/lib/thumb/v8-m.main+fp/softfp/libg.a(libc_a-memcpy.o)
                0x10007f08                memcpy
 .text.strlen   0x10007ff4       0x5c /Applications/ArmGNUToolchain/14.2.rel1/arm-none-eabi/bin/../lib/gcc/arm-none-eabi/14.2.1/../../../../arm-none-eabi/lib/thumb/v8-m.main+fp/softfp/libg.a(libc_a-strlen-stub.o)
                0x10007ff4                strlen
 .text._malloc_trim_r
                0x10008050       0xb8 /Applications/ArmGNUToolchain/14.2.rel1/arm-none-eabi/bin/../lib/gcc/arm-none-eabi/14.2.1/../../../../arm-none-eabi/lib/thumb/v8-m.main+fp/softfp/libg.a(libc_a-freer.o)
                0x10008050                _malloc_trim_r
 .text._free_r  0x10008108      0x1e8 /Applications/ArmGNUToolchain/14.2.rel1/arm-none-eabi/bin/../lib/gcc/arm-none-eabi/14.2.1/../../../../arm-none-eabi/lib/thumb/v8-m.main+fp/softfp/libg.a(libc_a-freer.o)
                0x10008108                _free_r
 .text._fwalk_sglue
                0x100082f0       0x44 /Applications/ArmGNUToolchain/14.2.rel1/arm-none-eabi/bin/../lib/gcc/arm-none-eabi/14.2.1/../../../../arm-none-eabi/lib/thumb/v8-m.main+fp/softfp/libg.a(libc_a-fwalk.o)
                0x100082f0                _fwalk_sglue
 .text.__swhatbuf_r
                0x10008334       0x60 /Applications/ArmGNUToolchain/14.2.rel1/arm-none-eabi/bin/../lib/gcc/arm-none-eabi/14.2.1/../../../../arm-none-eabi/lib/thumb/v8-m.main+fp/softfp/libg.a(libc_a-makebuf.o)
                0x10008334                __swhatbuf_r
 .text._fclose_r
                0x10008394       0xc0 /Applications/ArmGNUToolchain/14.2.rel1/arm-none-eabi/bin/../lib/gcc/arm-none-eabi/14.2.1/../../../../arm-none-eabi/lib/thumb/v8-m.main+fp/softfp/libg.a(libc_a-fclose.o)
                0x10008394                _fclose_r
 .text.__sflush_r
                0x10008454      0x134 /Applications/ArmGNUToolchain/14.2.rel1/arm-none-eabi/bin/../lib/gcc/arm-none-eabi/14.2.1/../../../../arm-none-eabi/lib/thumb/v8-m.main+fp/softfp/libg.a(libc_a-fflush.o)
                0x10008454                __sflush_r
 .text._fflush_r
                0x10008588       0x54 /Applications/ArmGNUToolchain/14.2.rel1/arm-none-eabi/bin/../lib/gcc/arm-none-eabi/14.2.1/../../../../arm-none-eabi/lib/thumb/v8-m.main+fp/softfp/libg.a(libc_a-fflush.o)
                0x10008588                _fflush_r
 .text.__sread  0x100085dc       0x24 /Applications/ArmGNUToolchain/14.2.rel1/arm-none-eabi/bin/../lib/gcc/arm-none-eabi/14.2.1/../../../../arm-none-eabi/lib/thumb/v8-m.main+fp/softfp/libg.a(libc_a-stdio.o)
                0x100085dc                __sread
 .text.__swrite
                0x10008600       0x40 /Applications/ArmGNUToolchain/14.2.rel1/arm-none-eabi/bin/../lib/gcc/arm-none-eabi/14.2.1/../../../../arm-none-eabi/lib/thumb/v8-m.main+fp/softfp/libg.a(libc_a-stdio.o)
                0x10008600                __swrite
 .text.__sseek  0x10008640       0x28 /Applications/ArmGNUToolchain/14.2.rel1/arm-none-eabi/bin/../lib/gcc/arm-none-eabi/14.2.1/../../../../arm-none-eabi/lib/thumb/v8-m.main+fp/softfp/libg.a(libc_a-stdio.o)
                0x10008640                __sseek
 .text.__sclose
                0x10008668        0x8 /Applications/ArmGNUToolchain/14.2.rel1/arm-none-eabi/bin/../lib/gcc/arm-none-eabi/14.2.1/../../../../arm-none-eabi/lib/thumb/v8-m.main+fp/softfp/libg.a(libc_a-stdio.o)
                0x10008668                __sclose
 .text._close_r
                0x10008670       0x24 /Applications/ArmGNUToolchain/14.2.rel1/arm-none-eabi/bin/../lib/gcc/arm-none-eabi/14.2.1/../../../../arm-none-eabi/lib/thumb/v8-m.main+fp/softfp/libg.a(libc_a-closer.o)
                0x10008670                _close_r
 .text._fstat_r
                0x10008694       0x2c /Applications/ArmGNUToolchain/14.2.rel1/arm-none-eabi/bin/../lib/gcc/arm-none-eabi/14.2.1/../../../../arm-none-eabi/lib/thumb/v8-m.main+fp/softfp/libg.a(libc_a-fstatr.o)
                0x10008694                _fstat_r
 .text._lseek_r
                0x100086c0       0x2c /Applications/ArmGNUToolchain/14.2.rel1/arm-none-eabi/bin/../lib/gcc/arm-none-eabi/14.2.1/../../../../arm-none-eabi/lib/thumb/v8-m.main+fp/softfp/libg.a(libc_a-lseekr.o)
                0x100086c0                _lseek_r
 .text._read_r  0x100086ec       0x2c /Applications/ArmGNUToolchain/14.2.rel1/arm-none-eabi/bin/../lib/gcc/arm-none-eabi/14.2.1/../../../../arm-none-eabi/lib/thumb/v8-m.main+fp/softfp/libg.a(libc_a-readr.o)
                0x100086ec                _read_r
 .text._write_r
                0x10008718       0x2c /Applications/ArmGNUToolchain/14.2.rel1/arm-none-eabi/bin/../lib/gcc/arm-none-eabi/14.2.1/../../../../arm-none-eabi/lib/thumb/v8-m.main+fp/softfp/libg.a(libc_a-writer.o)
                0x10008718                _write_r
 *(.fini)
 .fini          0x10008744        0x4 /Applications/ArmGNUToolchain/14.2.rel1/arm-none-eabi/bin/../lib/gcc/arm-none-eabi/14.2.1/thumb/v8-m.main+fp/softfp/crti.o
                0x10008744                _fini
 .fini.__stub   0x10008748       0x68 linker stubs
 *crtbegin.o(.ctors)
 *crtbegin?.o(.ctors)
 *(EXCLUDE_FILE(*crtend.o *crtend?.o) .ctors)
 *(SORT_BY_NAME(.ctors.*))
 *(.ctors)
 *crtbegin.o(.dtors)
 *crtbegin?.o(.dtors)
 *(EXCLUDE_FILE(*crtend.o *crtend?.o) .dtors)
 *(SORT_BY_NAME(.dtors.*))
 *(.dtors)
                0x100087b0                        . = ALIGN (0x4)
                0x100087b0                        PROVIDE (__preinit_array_start = .)
 *(SORT_BY_NAME(.preinit_array.*))
 .preinit_array.00050
                0x100087b0        0x4 CMakeFiles/pico_T_ctrl.dir/Users/rs_mbpro14/pico-sdk/src/rp2_common/pico_runtime_init/runtime_init.c.o
                0x100087b0                __pre_init_runtime_init_bootrom_reset
 .preinit_array.00100
                0x100087b4        0x4 CMakeFiles/pico_T_ctrl.dir/Users/rs_mbpro14/pico-sdk/src/rp2_common/pico_runtime_init/runtime_init.c.o
                0x100087b4                __pre_init_runtime_init_early_resets
 .preinit_array.00101
                0x100087b8        0x4 CMakeFiles/pico_T_ctrl.dir/Users/rs_mbpro14/pico-sdk/src/rp2_common/pico_runtime_init/runtime_init.c.o
                0x100087b8                __pre_init_runtime_init_usb_power_down
 .preinit_array.00500
                0x100087bc        0x4 CMakeFiles/pico_T_ctrl.dir/Users/rs_mbpro14/pico-sdk/src/rp2_common/pico_runtime_init/runtime_init.c.o
                0x100087bc                __pre_init_runtime_init_clocks
 .preinit_array.00600
                0x100087c0        0x4 CMakeFiles/pico_T_ctrl.dir/Users/rs_mbpro14/pico-sdk/src/rp2_common/pico_runtime_init/runtime_init.c.o
                0x100087c0                __pre_init_runtime_init_post_clock_resets
 .preinit_array.01000
                0x100087c4        0x4 CMakeFiles/pico_T_ctrl.dir/Users/rs_mbpro14/pico-sdk/src/rp2_common/hardware_boot_lock/boot_lock.c.o
                0x100087c4                __pre_init_runtime_init_boot_locks_reset
 .preinit_array.01000
                0x100087c8        0x4 CMakeFiles/pico_T_ctrl.dir/Users/rs_mbpro14/pico-sdk/src/rp2_common/pico_runtime_init/runtime_init.c.o
                0x100087c8                __pre_init_runtime_init_spin_locks_reset
 .preinit_array.01010
                0x100087cc        0x4 CMakeFiles/pico_T_ctrl.dir/Users/rs_mbpro14/pico-sdk/src/rp2_common/pico_bootrom/bootrom_lock.c.o
                0x100087cc                __pre_init_runtime_init_bootrom_locking_enable
 .preinit_array.01100
                0x100087d0        0x4 CMakeFiles/pico_T_ctrl.dir/Users/rs_mbpro14/pico-sdk/src/common/pico_sync/mutex.c.o
                0x100087d0                __pre_init_runtime_init_mutex
 .preinit_array.10080
                0x100087d4        0x4 CMakeFiles/pico_T_ctrl.dir/Users/rs_mbpro14/pico-sdk/src/rp2_common/pico_runtime_init/runtime_init.c.o
                0x100087d4                __pre_init_runtime_init_install_ram_vector_table
 .preinit_array.11000
                0x100087d8        0x4 CMakeFiles/pico_T_ctrl.dir/Users/rs_mbpro14/pico-sdk/src/common/pico_time/time.c.o
                0x100087d8                __pre_init_runtime_init_default_alarm_pool
 .preinit_array.YYYYY
                0x100087dc        0x4 CMakeFiles/pico_T_ctrl.dir/Users/rs_mbpro14/pico-sdk/src/rp2_common/pico_runtime/runtime.c.o
                0x100087dc                __pre_init_first_per_core_initializer
 .preinit_array.ZZZZZ.00051
                0x100087e0        0x4 CMakeFiles/pico_T_ctrl.dir/Users/rs_mbpro14/pico-sdk/src/rp2_common/pico_runtime_init/runtime_init.c.o
                0x100087e0                __pre_init_runtime_init_per_core_bootrom_reset
 .preinit_array.ZZZZZ.00200
                0x100087e4        0x4 CMakeFiles/pico_T_ctrl.dir/Users/rs_mbpro14/pico-sdk/src/rp2_common/pico_runtime_init/runtime_init.c.o
                0x100087e4                __pre_init_runtime_init_per_core_enable_coprocessors
 .preinit_array.ZZZZZ.01000
                0x100087e8        0x4 CMakeFiles/pico_T_ctrl.dir/Users/rs_mbpro14/pico-sdk/src/rp2_common/hardware_sync_spin_lock/sync_spin_lock.c.o
                0x100087e8                __pre_init_spinlock_set_extexclall
 .preinit_array.ZZZZZ.01200
                0x100087ec        0x4 CMakeFiles/pico_T_ctrl.dir/Users/rs_mbpro14/pico-sdk/src/rp2_common/hardware_irq/irq.c.o
                0x100087ec                __pre_init_runtime_init_per_core_irq_priorities
 *(.preinit_array)
                0x100087f0                        PROVIDE (__preinit_array_end = .)
                0x100087f0                        . = ALIGN (0x4)
                0x100087f0                        PROVIDE (__init_array_start = .)
 *(SORT_BY_NAME(.init_array.*))
 *(.init_array)
 .init_array    0x100087f0        0x4 /Applications/ArmGNUToolchain/14.2.rel1/arm-none-eabi/bin/../lib/gcc/arm-none-eabi/14.2.1/thumb/v8-m.main+fp/softfp/crtbegin.o
 .init_array    0x100087f4        0x4 CMakeFiles/pico_T_ctrl.dir/Users/rs_mbpro14/pico-sdk/src/rp2_common/pico_unique_id/unique_id.c.o
                0x100087f8                        PROVIDE (__init_array_end = .)
                0x100087f8                        . = ALIGN (0x4)
                [!provide]                        PROVIDE (__fini_array_start = .)
 *(SORT_BY_NAME(.fini_array.*))
 *(.fini_array)
                [!provide]                        PROVIDE (__fini_array_end = .)
 *(.eh_frame*)
 .eh_frame      0x100087f8        0x0 /Applications/ArmGNUToolchain/14.2.rel1/arm-none-eabi/bin/../lib/gcc/arm-none-eabi/14.2.1/thumb/v8-m.main+fp/softfp/crtbegin.o
                0x100087f8                        . = ALIGN (0x4)

.glue_7         0x100087f8        0x0
 .glue_7        0x100087f8        0x0 linker stubs

.glue_7t        0x100087f8        0x0
 .glue_7t       0x100087f8        0x0 linker stubs

.vfp11_veneer   0x100087f8        0x0
 .vfp11_veneer  0x100087f8        0x0 linker stubs

.v4_bx          0x100087f8        0x0
 .v4_bx         0x100087f8        0x0 linker stubs

.iplt           0x100087f8        0x0
 .iplt          0x100087f8        0x0 /Applications/ArmGNUToolchain/14.2.rel1/arm-none-eabi/bin/../lib/gcc/arm-none-eabi/14.2.1/thumb/v8-m.main+fp/softfp/crtbegin.o

.boot2          0x100087f8        0x0
                0x100087f8                        __boot2_start__ = .
 *(.boot2)
                0x100087f8                        __boot2_end__ = .
                0x00000001                        ASSERT (((__boot2_end__ - __boot2_start__) <= 0x100), ERROR: Pico second stage bootloader must be no more than 256 bytes in size)

.rodata         0x100087f8      0x48c
 *(EXCLUDE_FILE(*libm.a: *libc.a:*lib_a-mem*.o *libgcc.a:) .rodata*)
 .rodata.usb_serial_request_reply.str1.4
                0x100087f8      0x220 CMakeFiles/pico_T_ctrl.dir/main.c.o
                                 0x9f (size before relaxing)
 .rodata.panic.str1.4
                0x10008a18       0x12 CMakeFiles/pico_T_ctrl.dir/Users/rs_mbpro14/pico-sdk/src/rp2_common/pico_platform_panic/panic.c.o
 .rodata.spin_lock_claim_unused.str1.4
                0x10008a18       0x1b CMakeFiles/pico_T_ctrl.dir/Users/rs_mbpro14/pico-sdk/src/rp2_common/hardware_sync/sync.c.o
 .rodata.user_irq_claim_unused.str1.4
                0x10008a18       0x1b CMakeFiles/pico_T_ctrl.dir/Users/rs_mbpro14/pico-sdk/src/rp2_common/hardware_irq/irq.c.o
 .rodata.at_the_end_of_time
                0x10008a18        0x8 CMakeFiles/pico_T_ctrl.dir/Users/rs_mbpro14/pico-sdk/src/common/pico_time/time.c.o
                0x10008a18                at_the_end_of_time
 .rodata.timer_hardware_alarm_claim.str1.4
                0x10008a20       0x22 CMakeFiles/pico_T_ctrl.dir/Users/rs_mbpro14/pico-sdk/src/rp2_common/hardware_timer/timer.c.o
 .rodata.hard_assertion_failure.str1.4
                0x10008a20        0xc CMakeFiles/pico_T_ctrl.dir/Users/rs_mbpro14/pico-sdk/src/rp2_common/pico_runtime/runtime.c.o
 .rodata.__wrap_malloc.str1.4
                0x10008a20        0xe CMakeFiles/pico_T_ctrl.dir/Users/rs_mbpro14/pico-sdk/src/rp2_common/pico_malloc/malloc.c.o
 .rodata.str1.4
                0x10008a20       0x40 CMakeFiles/pico_T_ctrl.dir/Users/rs_mbpro14/pico-sdk/src/rp2_common/pico_standard_binary_info/standard_binary_info.c.o
 .rodata.__bi_84
                0x10008a20        0xc CMakeFiles/pico_T_ctrl.dir/Users/rs_mbpro14/pico-sdk/src/rp2_common/pico_standard_binary_info/standard_binary_info.c.o
 .rodata.__bi_78
                0x10008a2c        0xc CMakeFiles/pico_T_ctrl.dir/Users/rs_mbpro14/pico-sdk/src/rp2_common/pico_standard_binary_info/standard_binary_info.c.o
 .rodata.__bi_54
                0x10008a38        0xc CMakeFiles/pico_T_ctrl.dir/Users/rs_mbpro14/pico-sdk/src/rp2_common/pico_standard_binary_info/standard_binary_info.c.o
 .rodata.__bi_48
                0x10008a44        0xc CMakeFiles/pico_T_ctrl.dir/Users/rs_mbpro14/pico-sdk/src/rp2_common/pico_standard_binary_info/standard_binary_info.c.o
 .rodata.__bi_42
                0x10008a50        0xc CMakeFiles/pico_T_ctrl.dir/Users/rs_mbpro14/pico-sdk/src/rp2_common/pico_standard_binary_info/standard_binary_info.c.o
 .rodata.__bi_34
                0x10008a5c        0xc CMakeFiles/pico_T_ctrl.dir/Users/rs_mbpro14/pico-sdk/src/rp2_common/pico_standard_binary_info/standard_binary_info.c.o
 .rodata.__bi_26
                0x10008a68        0xc CMakeFiles/pico_T_ctrl.dir/Users/rs_mbpro14/pico-sdk/src/rp2_common/pico_standard_binary_info/standard_binary_info.c.o
 .rodata._ftoa.str1.4
                0x10008a74       0x15 CMakeFiles/pico_T_ctrl.dir/Users/rs_mbpro14/pico-sdk/src/rp2_common/pico_printf/printf.c.o
 *fill*         0x10008a74        0x4 
 .rodata.pow10.0
                0x10008a78       0x50 CMakeFiles/pico_T_ctrl.dir/Users/rs_mbpro14/pico-sdk/src/rp2_common/pico_printf/printf.c.o
 .rodata.crlf_str.0
                0x10008ac8        0x2 CMakeFiles/pico_T_ctrl.dir/Users/rs_mbpro14/pico-sdk/src/rp2_common/pico_stdio/stdio.c.o
 *fill*         0x10008aca        0x2 
 .rodata._resetd_driver
                0x10008acc       0x20 CMakeFiles/pico_T_ctrl.dir/Users/rs_mbpro14/pico-sdk/src/rp2_common/pico_stdio_usb/reset_interface.c.o
 .rodata.desc_ms_os_20
                0x10008aec       0xa6 CMakeFiles/pico_T_ctrl.dir/Users/rs_mbpro14/pico-sdk/src/rp2_common/pico_stdio_usb/reset_interface.c.o
 *fill*         0x10008b92        0x2 
 .rodata.desc_bos
                0x10008b94       0x21 CMakeFiles/pico_T_ctrl.dir/Users/rs_mbpro14/pico-sdk/src/rp2_common/pico_stdio_usb/reset_interface.c.o
                0x10008b94                desc_bos
 .rodata.str1.4
                0x10008bb5       0x13 CMakeFiles/pico_T_ctrl.dir/Users/rs_mbpro14/pico-sdk/src/rp2_common/pico_stdio_usb/stdio_usb.c.o
 *fill*         0x10008bb5        0x3 
 .rodata.__bi_197.0
                0x10008bb8        0xc CMakeFiles/pico_T_ctrl.dir/Users/rs_mbpro14/pico-sdk/src/rp2_common/pico_stdio_usb/stdio_usb.c.o
 .rodata.str1.4
                0x10008bc4       0x2a CMakeFiles/pico_T_ctrl.dir/Users/rs_mbpro14/pico-sdk/src/rp2_common/pico_stdio_usb/stdio_usb_descriptors.c.o
 .rodata.usbd_desc_str
                0x10008bc4       0x18 CMakeFiles/pico_T_ctrl.dir/Users/rs_mbpro14/pico-sdk/src/rp2_common/pico_stdio_usb/stdio_usb_descriptors.c.o
 .rodata.usbd_desc_cfg
                0x10008bdc       0x54 CMakeFiles/pico_T_ctrl.dir/Users/rs_mbpro14/pico-sdk/src/rp2_common/pico_stdio_usb/stdio_usb_descriptors.c.o
 .rodata.usbd_desc_device
                0x10008c30       0x12 CMakeFiles/pico_T_ctrl.dir/Users/rs_mbpro14/pico-sdk/src/rp2_common/pico_stdio_usb/stdio_usb_descriptors.c.o
 .rodata.str1.4
                0x10008c42       0x14 CMakeFiles/pico_T_ctrl.dir/Users/rs_mbpro14/pico-sdk/lib/tinyusb/src/portable/raspberrypi/rp2040/dcd_rp2040.c.o
 .rodata.str1.4
                0x10008c42       0x48 CMakeFiles/pico_T_ctrl.dir/Users/rs_mbpro14/pico-sdk/lib/tinyusb/src/portable/raspberrypi/rp2040/rp2040_usb.c.o
 *fill*         0x10008c42        0x2 
 .rodata._usbd_driver
                0x10008c44       0x40 CMakeFiles/pico_T_ctrl.dir/Users/rs_mbpro14/pico-sdk/lib/tinyusb/src/device/usbd.c.o
 *(.srodata*)
                0x10008c84                        . = ALIGN (0x4)
 *(SORT_BY_ALIGNMENT(SORT_BY_NAME(.flashdata*)))
                0x10008c84                        . = ALIGN (0x4)

.ARM.extab
 *(.ARM.extab* .gnu.linkonce.armextab.*)
                0x10008c84                        __exidx_start = .

.ARM.exidx      0x10008c84        0x8
 *(.ARM.exidx* .gnu.linkonce.armexidx.*)
 .ARM.exidx     0x10008c84        0x8 /Applications/ArmGNUToolchain/14.2.rel1/arm-none-eabi/bin/../lib/gcc/arm-none-eabi/14.2.1/../../../../arm-none-eabi/lib/thumb/v8-m.main+fp/softfp/libg.a(libc_a-memcpy.o)
 .ARM.exidx.text.__udivmoddi4
                0x10008c8c        0x0 /Applications/ArmGNUToolchain/14.2.rel1/arm-none-eabi/bin/../lib/gcc/arm-none-eabi/14.2.1/thumb/v8-m.main+fp/softfp/libgcc.a(_udivmoddi4.o)
                                  0x8 (size before relaxing)
                0x10008c8c                        __exidx_end = .
                0x10008c8c                        . = ALIGN (0x4)
                0x10008c8c                        __binary_info_start = .

.binary_info    0x10008c8c       0x20
 *(.binary_info.keep.*)
 .binary_info.keep.__bi_ptr84
                0x10008c8c        0x4 CMakeFiles/pico_T_ctrl.dir/Users/rs_mbpro14/pico-sdk/src/rp2_common/pico_standard_binary_info/standard_binary_info.c.o
 .binary_info.keep.__bi_ptr78
                0x10008c90        0x4 CMakeFiles/pico_T_ctrl.dir/Users/rs_mbpro14/pico-sdk/src/rp2_common/pico_standard_binary_info/standard_binary_info.c.o
 .binary_info.keep.__bi_ptr54
                0x10008c94        0x4 CMakeFiles/pico_T_ctrl.dir/Users/rs_mbpro14/pico-sdk/src/rp2_common/pico_standard_binary_info/standard_binary_info.c.o
 .binary_info.keep.__bi_ptr48
                0x10008c98        0x4 CMakeFiles/pico_T_ctrl.dir/Users/rs_mbpro14/pico-sdk/src/rp2_common/pico_standard_binary_info/standard_binary_info.c.o
 .binary_info.keep.__bi_ptr42
                0x10008c9c        0x4 CMakeFiles/pico_T_ctrl.dir/Users/rs_mbpro14/pico-sdk/src/rp2_common/pico_standard_binary_info/standard_binary_info.c.o
 .binary_info.keep.__bi_ptr34
                0x10008ca0        0x4 CMakeFiles/pico_T_ctrl.dir/Users/rs_mbpro14/pico-sdk/src/rp2_common/pico_standard_binary_info/standard_binary_info.c.o
 .binary_info.keep.__bi_ptr26
                0x10008ca4        0x4 CMakeFiles/pico_T_ctrl.dir/Users/rs_mbpro14/pico-sdk/src/rp2_common/pico_standard_binary_info/standard_binary_info.c.o
 *(.binary_info.*)
 .binary_info.__bi_ptr197
                0x10008ca8        0x4 CMakeFiles/pico_T_ctrl.dir/Users/rs_mbpro14/pico-sdk/src/rp2_common/pico_stdio_usb/stdio_usb.c.o
                0x10008cac                        __binary_info_end = .
                0x10008cac                        . = ALIGN (0x4)

.ram_vector_table
                0x20000000      0x110
 *(.ram_vector_table)
 .ram_vector_table
                0x20000000      0x110 CMakeFiles/pico_T_ctrl.dir/Users/rs_mbpro14/pico-sdk/src/rp2_common/pico_runtime_init/runtime_init.c.o
                0x20000000                ram_vector_table

.uninitialized_data
                0x20000110        0x0
                0x20000110                        . = ALIGN (0x4)
 *(.uninitialized_data*)

.data           0x20000110     0x1b18 load address 0x10008cac
                0x20000110                        __data_start__ = .
 *(vtable)
 *(.time_critical*)
 .time_critical.mutex_enter_blocking
                0x20000110       0x80 CMakeFiles/pico_T_ctrl.dir/Users/rs_mbpro14/pico-sdk/src/common/pico_sync/mutex.c.o
                0x20000110                mutex_enter_blocking
 .time_critical.mutex_try_enter
                0x20000190       0x50 CMakeFiles/pico_T_ctrl.dir/Users/rs_mbpro14/pico-sdk/src/common/pico_sync/mutex.c.o
                0x20000190                mutex_try_enter
 .time_critical.mutex_enter_block_until
                0x200001e0       0x6c CMakeFiles/pico_T_ctrl.dir/Users/rs_mbpro14/pico-sdk/src/common/pico_sync/mutex.c.o
                0x200001e0                mutex_enter_block_until
 .time_critical.mutex_try_enter_block_until
                0x2000024c       0x68 CMakeFiles/pico_T_ctrl.dir/Users/rs_mbpro14/pico-sdk/src/common/pico_sync/mutex.c.o
                0x2000024c                mutex_try_enter_block_until
 .time_critical.mutex_enter_timeout_ms
                0x200002b4       0x38 CMakeFiles/pico_T_ctrl.dir/Users/rs_mbpro14/pico-sdk/src/common/pico_sync/mutex.c.o
                0x200002b4                mutex_enter_timeout_ms
 .time_critical.mutex_exit
                0x200002ec       0x3c CMakeFiles/pico_T_ctrl.dir/Users/rs_mbpro14/pico-sdk/src/common/pico_sync/mutex.c.o
                0x200002ec                mutex_exit
 .time_critical.reset_non_control_endpoints
                0x20000328       0x64 CMakeFiles/pico_T_ctrl.dir/Users/rs_mbpro14/pico-sdk/lib/tinyusb/src/portable/raspberrypi/rp2040/dcd_rp2040.c.o
 .time_critical.hw_handle_buff_status
                0x2000038c       0x90 CMakeFiles/pico_T_ctrl.dir/Users/rs_mbpro14/pico-sdk/lib/tinyusb/src/portable/raspberrypi/rp2040/dcd_rp2040.c.o
 .time_critical.dcd_rp2040_irq
                0x2000041c      0x530 CMakeFiles/pico_T_ctrl.dir/Users/rs_mbpro14/pico-sdk/lib/tinyusb/src/portable/raspberrypi/rp2040/dcd_rp2040.c.o
 .time_critical.prepare_ep_buffer
                0x2000094c       0xc0 CMakeFiles/pico_T_ctrl.dir/Users/rs_mbpro14/pico-sdk/lib/tinyusb/src/portable/raspberrypi/rp2040/rp2040_usb.c.o
 .time_critical.sync_ep_buffer
                0x20000a0c       0xb4 CMakeFiles/pico_T_ctrl.dir/Users/rs_mbpro14/pico-sdk/lib/tinyusb/src/portable/raspberrypi/rp2040/rp2040_usb.c.o
 .time_critical._hw_endpoint_xfer_sync
                0x20000ac0       0x2c CMakeFiles/pico_T_ctrl.dir/Users/rs_mbpro14/pico-sdk/lib/tinyusb/src/portable/raspberrypi/rp2040/rp2040_usb.c.o
 .time_critical.e15_is_bulkin_ep
                0x20000aec       0x28 CMakeFiles/pico_T_ctrl.dir/Users/rs_mbpro14/pico-sdk/lib/tinyusb/src/portable/raspberrypi/rp2040/rp2040_usb.c.o
 .time_critical.e15_is_critical_frame_period
                0x20000b14       0x28 CMakeFiles/pico_T_ctrl.dir/Users/rs_mbpro14/pico-sdk/lib/tinyusb/src/portable/raspberrypi/rp2040/rp2040_usb.c.o
 .time_critical.hw_endpoint_reset_transfer
                0x20000b3c        0xc CMakeFiles/pico_T_ctrl.dir/Users/rs_mbpro14/pico-sdk/lib/tinyusb/src/portable/raspberrypi/rp2040/rp2040_usb.c.o
                0x20000b3c                hw_endpoint_reset_transfer
 .time_critical._hw_endpoint_buffer_control_update32
                0x20000b48       0x44 CMakeFiles/pico_T_ctrl.dir/Users/rs_mbpro14/pico-sdk/lib/tinyusb/src/portable/raspberrypi/rp2040/rp2040_usb.c.o
                0x20000b48                _hw_endpoint_buffer_control_update32
 .time_critical.hw_endpoint_start_next_buffer
                0x20000b8c       0x64 CMakeFiles/pico_T_ctrl.dir/Users/rs_mbpro14/pico-sdk/lib/tinyusb/src/portable/raspberrypi/rp2040/rp2040_usb.c.o
                0x20000b8c                hw_endpoint_start_next_buffer
 .time_critical.hw_endpoint_xfer_continue
                0x20000bf0       0x3c CMakeFiles/pico_T_ctrl.dir/Users/rs_mbpro14/pico-sdk/lib/tinyusb/src/portable/raspberrypi/rp2040/rp2040_usb.c.o
                0x20000bf0                hw_endpoint_xfer_continue
 .time_critical.tinyusb
                0x20000c2c      0x224 CMakeFiles/pico_T_ctrl.dir/Users/rs_mbpro14/pico-sdk/lib/tinyusb/src/device/usbd.c.o
                0x20000c2c                dcd_event_handler
 *(.text*)
 .text          0x20000e50      0x378 /Applications/ArmGNUToolchain/14.2.rel1/arm-none-eabi/bin/../lib/gcc/arm-none-eabi/14.2.1/thumb/v8-m.main+fp/softfp/libgcc.a(_arm_addsubdf3.o)
                0x20000e50                __aeabi_drsub
                0x20000e58                __subdf3
                0x20000e58                __aeabi_dsub
                0x20000e5c                __aeabi_dadd
                0x20000e5c                __adddf3
                0x200010d4                __aeabi_ui2d
                0x200010d4                __floatunsidf
                0x200010f4                __floatsidf
                0x200010f4                __aeabi_i2d
                0x20001118                __extendsfdf2
                0x20001118                __aeabi_f2d
                0x2000115c                __aeabi_ul2d
                0x2000115c                __floatundidf
                0x2000116c                __aeabi_l2d
                0x2000116c                __floatdidf
 .text          0x200011c8       0xa0 /Applications/ArmGNUToolchain/14.2.rel1/arm-none-eabi/bin/../lib/gcc/arm-none-eabi/14.2.1/thumb/v8-m.main+fp/softfp/libgcc.a(_aeabi_ldivmod.o)
                0x200011c8                __aeabi_ldivmod
 .text          0x20001268       0x30 /Applications/ArmGNUToolchain/14.2.rel1/arm-none-eabi/bin/../lib/gcc/arm-none-eabi/14.2.1/thumb/v8-m.main+fp/softfp/libgcc.a(_aeabi_uldivmod.o)
                0x20001268                __aeabi_uldivmod
 .text.__udivmoddi4
                0x20001298      0x34c /Applications/ArmGNUToolchain/14.2.rel1/arm-none-eabi/bin/../lib/gcc/arm-none-eabi/14.2.1/thumb/v8-m.main+fp/softfp/libgcc.a(_udivmoddi4.o)
                0x20001298                __udivmoddi4
 .text          0x200015e4        0x4 /Applications/ArmGNUToolchain/14.2.rel1/arm-none-eabi/bin/../lib/gcc/arm-none-eabi/14.2.1/thumb/v8-m.main+fp/softfp/libgcc.a(_dvmd_tls.o)
                0x200015e4                __aeabi_ldiv0
                0x200015e4                __aeabi_idiv0
 .text.__stub   0x200015e8       0x30 linker stubs
                0x20001618                        . = ALIGN (0x4)
 *(.rodata*)
                0x20001618                        . = ALIGN (0x4)
 *(.data*)
 .data.striped_spin_lock_num
                0x20001618        0x1 CMakeFiles/pico_T_ctrl.dir/Users/rs_mbpro14/pico-sdk/src/rp2_common/hardware_sync/sync.c.o
 *fill*         0x20001619        0x3 
 .data          0x2000161c       0x48 CMakeFiles/pico_T_ctrl.dir/Users/rs_mbpro14/pico-sdk/src/rp2_common/hardware_irq/irq_handler_chain.S.o
                0x2000161c                irq_handler_chain_slots
                0x2000164c                irq_handler_chain_first_slot
                0x20001656                irq_handler_chain_remove_tail
 .data.default_alarm_pool
                0x20001664       0x18 CMakeFiles/pico_T_ctrl.dir/Users/rs_mbpro14/pico-sdk/src/common/pico_time/time.c.o
 .data.stdio_usb
                0x2000167c       0x18 CMakeFiles/pico_T_ctrl.dir/Users/rs_mbpro14/pico-sdk/src/rp2_common/pico_stdio_usb/stdio_usb.c.o
                0x2000167c                stdio_usb
 .data._usbd_qdef
                0x20001694       0x1c CMakeFiles/pico_T_ctrl.dir/Users/rs_mbpro14/pico-sdk/lib/tinyusb/src/device/usbd.c.o
                0x20001694                _usbd_qdef
 .data._usbd_rhport
                0x200016b0        0x1 CMakeFiles/pico_T_ctrl.dir/Users/rs_mbpro14/pico-sdk/lib/tinyusb/src/device/usbd.c.o
 *fill*         0x200016b1        0x3 
 .data.__malloc_sbrk_base
                0x200016b4        0x4 /Applications/ArmGNUToolchain/14.2.rel1/arm-none-eabi/bin/../lib/gcc/arm-none-eabi/14.2.1/../../../../arm-none-eabi/lib/thumb/v8-m.main+fp/softfp/libg.a(libc_a-mallocr.o)
                0x200016b4                __malloc_sbrk_base
 .data.__malloc_trim_threshold
                0x200016b8        0x4 /Applications/ArmGNUToolchain/14.2.rel1/arm-none-eabi/bin/../lib/gcc/arm-none-eabi/14.2.1/../../../../arm-none-eabi/lib/thumb/v8-m.main+fp/softfp/libg.a(libc_a-mallocr.o)
                0x200016b8                __malloc_trim_threshold
 *fill*         0x200016bc        0x4 
 .data.__malloc_av_
                0x200016c0      0x408 /Applications/ArmGNUToolchain/14.2.rel1/arm-none-eabi/bin/../lib/gcc/arm-none-eabi/14.2.1/../../../../arm-none-eabi/lib/thumb/v8-m.main+fp/softfp/libg.a(libc_a-mallocr.o)
                0x200016c0                __malloc_av_
 .data.__sglue  0x20001ac8        0xc /Applications/ArmGNUToolchain/14.2.rel1/arm-none-eabi/bin/../lib/gcc/arm-none-eabi/14.2.1/../../../../arm-none-eabi/lib/thumb/v8-m.main+fp/softfp/libg.a(libc_a-findfp.o)
                0x20001ac8                __sglue
 .data._impure_ptr
                0x20001ad4        0x4 /Applications/ArmGNUToolchain/14.2.rel1/arm-none-eabi/bin/../lib/gcc/arm-none-eabi/14.2.1/../../../../arm-none-eabi/lib/thumb/v8-m.main+fp/softfp/libg.a(libc_a-impure.o)
                0x20001ad4                _impure_ptr
 .data._impure_data
                0x20001ad8      0x140 /Applications/ArmGNUToolchain/14.2.rel1/arm-none-eabi/bin/../lib/gcc/arm-none-eabi/14.2.1/../../../../arm-none-eabi/lib/thumb/v8-m.main+fp/softfp/libg.a(libc_a-impure.o)
                0x20001ad8                _impure_data
 *(.sdata*)
                0x20001c18                        . = ALIGN (0x4)
 *(.after_data.*)
                0x20001c18                        . = ALIGN (0x4)
                0x20001c18                        PROVIDE (__mutex_array_start = .)
 *(SORT_BY_NAME(.mutex_array.*))
 *(.mutex_array)
 .mutex_array   0x20001c18        0x8 CMakeFiles/pico_T_ctrl.dir/Users/rs_mbpro14/pico-sdk/src/rp2_common/pico_malloc/malloc.c.o
 .mutex_array   0x20001c20        0x8 CMakeFiles/pico_T_ctrl.dir/Users/rs_mbpro14/pico-sdk/src/rp2_common/pico_stdio/stdio.c.o
                0x20001c28                        PROVIDE (__mutex_array_end = .)
 *(.jcr)
                0x20001c28                        . = ALIGN (0x4)

.tm_clone_table
                0x20001c28        0x0 load address 0x1000a7c4
 .tm_clone_table
                0x20001c28        0x0 /Applications/ArmGNUToolchain/14.2.rel1/arm-none-eabi/bin/../lib/gcc/arm-none-eabi/14.2.1/thumb/v8-m.main+fp/softfp/crtbegin.o
 .tm_clone_table
                0x20001c28        0x0 /Applications/ArmGNUToolchain/14.2.rel1/arm-none-eabi/bin/../lib/gcc/arm-none-eabi/14.2.1/thumb/v8-m.main+fp/softfp/crtend.o

.igot.plt       0x20001c28        0x0 load address 0x1000a7c4
 .igot.plt      0x20001c28        0x0 /Applications/ArmGNUToolchain/14.2.rel1/arm-none-eabi/bin/../lib/gcc/arm-none-eabi/14.2.1/thumb/v8-m.main+fp/softfp/crtbegin.o

.tdata          0x20001c28        0x0 load address 0x1000a7c4
                0x20001c28                        . = ALIGN (0x4)
 *(.tdata .tdata.* .gnu.linkonce.td.*)
                0x20001c28                        __tdata_end = .
                0x20001c28                        PROVIDE (__data_end__ = .)
                0x10008cac                        __etext = LOADADDR (.data)

.tbss           0x20001c28        0x0 load address 0x1000a7c4
                0x20001c28                        . = ALIGN (0x4)
                0x20001c28                        __bss_start__ = .
                0x20001c28                        __tls_base = .
 *(.tbss .tbss.* .gnu.linkonce.tb.*)
 *(.tcommon)
                0x20001c28                        __tls_end = .

.bss            0x20001c28      0xde0 load address 0x1000a7c4
                0x20001c28                        . = ALIGN (0x4)
                0x20001c28                        __tbss_end = .
 *(SORT_BY_ALIGNMENT(SORT_BY_NAME(.bss*)))
 .bss.default_alarm_pool_entries
                0x20001c28      0x180 CMakeFiles/pico_T_ctrl.dir/Users/rs_mbpro14/pico-sdk/src/common/pico_time/time.c.o
 .bss.epoch_time_us_since_boot
                0x20001da8        0x8 CMakeFiles/pico_T_ctrl.dir/Users/rs_mbpro14/pico-sdk/src/rp2_common/pico_clib_interface/newlib_interface.c.o
 .bss.hb        0x20001db0       0x30 CMakeFiles/pico_T_ctrl.dir/main.c.o
                0x20001db0                hb
 .bss.last_avail_time.1
                0x20001de0        0x8 CMakeFiles/pico_T_ctrl.dir/Users/rs_mbpro14/pico-sdk/src/rp2_common/pico_stdio_usb/stdio_usb.c.o
 .bss.__lock___malloc_recursive_mutex
                0x20001de8        0x1 /Applications/ArmGNUToolchain/14.2.rel1/arm-none-eabi/bin/../lib/gcc/arm-none-eabi/14.2.1/../../../../arm-none-eabi/lib/thumb/v8-m.main+fp/softfp/libg.a(libc_a-lock.o)
                0x20001de8                __lock___malloc_recursive_mutex
 *fill*         0x20001de9        0x3 
 .bss.__lock___sfp_recursive_mutex
                0x20001dec        0x1 /Applications/ArmGNUToolchain/14.2.rel1/arm-none-eabi/bin/../lib/gcc/arm-none-eabi/14.2.1/../../../../arm-none-eabi/lib/thumb/v8-m.main+fp/softfp/libg.a(libc_a-lock.o)
                0x20001dec                __lock___sfp_recursive_mutex
 *fill*         0x20001ded        0x3 
 .bss.__malloc_current_mallinfo
                0x20001df0       0x28 /Applications/ArmGNUToolchain/14.2.rel1/arm-none-eabi/bin/../lib/gcc/arm-none-eabi/14.2.1/../../../../arm-none-eabi/lib/thumb/v8-m.main+fp/softfp/libg.a(libc_a-mallocr.o)
                0x20001df0                __malloc_current_mallinfo
 .bss.__malloc_max_sbrked_mem